[     153ms] [INFO] %cDownload the React DevTools for a better development experience: https://react.dev/link/react-devtools font-weight:bold @ http://localhost:3000/_next/static/chunks/0cco_next_dist_0uq~hyz._.js:2477
[     304ms] [LOG] [HMR] connected @ http://localhost:3000/_next/static/chunks/0cco_next_dist_0uq~hyz._.js:2477
[     451ms] [ERROR] Failed to load resource: the server responded with a status of 401 (Unauthorized) @ http://localhost:3000/api/auth/me:0
[     451ms] [LOG] [Fast Refresh] rebuilding @ http://localhost:3000/_next/static/chunks/0cco_next_dist_0uq~hyz._.js:2477
[     452ms] [ERROR] Failed to load resource: the server responded with a status of 401 (Unauthorized) @ http://localhost:3000/api/auth/me:0
[     534ms] [LOG] [Fast Refresh] done in 190ms @ http://localhost:3000/_next/static/chunks/0cco_next_dist_0uq~hyz._.js:2477
[     581ms] [ERROR] Failed to load resource: the server responded with a status of 401 (Unauthorized) @ http://localhost:3000/api/auth/me:0
[     590ms] [ERROR] Failed to load resource: the server responded with a status of 401 (Unauthorized) @ http://localhost:3000/api/auth/me:0
[     591ms] [ERROR] Failed to load resource: the server responded with a status of 401 (Unauthorized) @ http://localhost:3000/api/auth/me:0
[     708ms] [VERBOSE] [DOM] Input elements should have autocomplete attributes (suggested: "current-password"): (More info: https://goo.gl/9p2vKq) %o @ http://localhost:3000/login?redirect=%2F:0
[   32215ms] [LOG] Loading resources... @ http://localhost:3000/_next/static/chunks/0cco_next_dist_0uq~hyz._.js:2477
[   33075ms] [LOG] Parsing server packet with ID: 9 @ http://localhost:3000/_next/static/chunks/0cco_next_dist_0uq~hyz._.js:2477
[   33159ms] [LOG] Parsing server packet with ID: 1 @ http://localhost:3000/_next/static/chunks/0cco_next_dist_0uq~hyz._.js:2477
[   33160ms] [LOG] Parsing server packet with ID: 8 @ http://localhost:3000/_next/static/chunks/0cco_next_dist_0uq~hyz._.js:2477
[   33160ms] [LOG] Parsing server packet with ID: 8 @ http://localhost:3000/_next/static/chunks/0cco_next_dist_0uq~hyz._.js:2477
[   33161ms] [LOG] Parsing server packet with ID: 8 @ http://localhost:3000/_next/static/chunks/0cco_next_dist_0uq~hyz._.js:2477
[   33161ms] [LOG] Parsing server packet with ID: 83 @ http://localhost:3000/_next/static/chunks/0cco_next_dist_0uq~hyz._.js:2477
[   33161ms] [LOG] Parsing server packet with ID: 8 @ http://localhost:3000/_next/static/chunks/0cco_next_dist_0uq~hyz._.js:2477
[   33161ms] [LOG] Parsing server packet with ID: 8 @ http://localhost:3000/_next/static/chunks/0cco_next_dist_0uq~hyz._.js:2477
[   33161ms] [LOG] Parsing server packet with ID: 8 @ http://localhost:3000/_next/static/chunks/0cco_next_dist_0uq~hyz._.js:2477
[   33162ms] [LOG] Parsing server packet with ID: 75 @ http://localhost:3000/_next/static/chunks/0cco_next_dist_0uq~hyz._.js:2477
[   33162ms] [LOG] Parsing server packet with ID: 72 @ http://localhost:3000/_next/static/chunks/0cco_next_dist_0uq~hyz._.js:2477
[   33162ms] [LOG] Parsing server packet with ID: 73 @ http://localhost:3000/_next/static/chunks/0cco_next_dist_0uq~hyz._.js:2477
[   33162ms] [LOG] Parsing server packet with ID: 74 @ http://localhost:3000/_next/static/chunks/0cco_next_dist_0uq~hyz._.js:2477
[   33302ms] [LOG] Parsing server packet with ID: 8 @ http://localhost:3000/_next/static/chunks/0cco_next_dist_0uq~hyz._.js:2477
[   33303ms] [LOG] Parsing server packet with ID: 19 @ http://localhost:3000/_next/static/chunks/0cco_next_dist_0uq~hyz._.js:2477
[   33303ms] [LOG] Parsing server packet with ID: 49 @ http://localhost:3000/_next/static/chunks/0cco_next_dist_0uq~hyz._.js:2477
[   33467ms] [LOG] Parsing server packet with ID: 78 @ http://localhost:3000/_next/static/chunks/0cco_next_dist_0uq~hyz._.js:2477
[   41636ms] [LOG] Parsing server packet with ID: 78 @ http://localhost:3000/_next/static/chunks/0cco_next_dist_0uq~hyz._.js:2477
[   43078ms] [LOG] Parsing server packet with ID: 9 @ http://localhost:3000/_next/static/chunks/0cco_next_dist_0uq~hyz._.js:2477
[   50180ms] [LOG] Parsing server packet with ID: 78 @ http://localhost:3000/_next/static/chunks/0cco_next_dist_0uq~hyz._.js:2477
[   53078ms] [LOG] Parsing server packet with ID: 9 @ http://localhost:3000/_next/static/chunks/0cco_next_dist_0uq~hyz._.js:2477
[   58604ms] [LOG] Parsing server packet with ID: 78 @ http://localhost:3000/_next/static/chunks/0cco_next_dist_0uq~hyz._.js:2477
[   63074ms] [LOG] Parsing server packet with ID: 9 @ http://localhost:3000/_next/static/chunks/0cco_next_dist_0uq~hyz._.js:2477
[   67094ms] [LOG] Parsing server packet with ID: 78 @ http://localhost:3000/_next/static/chunks/0cco_next_dist_0uq~hyz._.js:2477
[   73069ms] [LOG] Parsing server packet with ID: 9 @ http://localhost:3000/_next/static/chunks/0cco_next_dist_0uq~hyz._.js:2477
[   75644ms] [LOG] Parsing server packet with ID: 78 @ http://localhost:3000/_next/static/chunks/0cco_next_dist_0uq~hyz._.js:2477
[   83068ms] [LOG] Parsing server packet with ID: 9 @ http://localhost:3000/_next/static/chunks/0cco_next_dist_0uq~hyz._.js:2477
[   84070ms] [LOG] Parsing server packet with ID: 78 @ http://localhost:3000/_next/static/chunks/0cco_next_dist_0uq~hyz._.js:2477
[   92110ms] [LOG] Parsing server packet with ID: 78 @ http://localhost:3000/_next/static/chunks/0cco_next_dist_0uq~hyz._.js:2477
[   93068ms] [LOG] Parsing server packet with ID: 9 @ http://localhost:3000/_next/static/chunks/0cco_next_dist_0uq~hyz._.js:2477
[  100218ms] [LOG] Parsing server packet with ID: 78 @ http://localhost:3000/_next/static/chunks/0cco_next_dist_0uq~hyz._.js:2477
[  103067ms] [LOG] Parsing server packet with ID: 9 @ http://localhost:3000/_next/static/chunks/0cco_next_dist_0uq~hyz._.js:2477
[  108751ms] [LOG] Parsing server packet with ID: 78 @ http://localhost:3000/_next/static/chunks/0cco_next_dist_0uq~hyz._.js:2477
[  113068ms] [LOG] Parsing server packet with ID: 9 @ http://localhost:3000/_next/static/chunks/0cco_next_dist_0uq~hyz._.js:2477
[  117132ms] [LOG] Parsing server packet with ID: 78 @ http://localhost:3000/_next/static/chunks/0cco_next_dist_0uq~hyz._.js:2477
[  123064ms] [LOG] Parsing server packet with ID: 9 @ http://localhost:3000/_next/static/chunks/0cco_next_dist_0uq~hyz._.js:2477
[  125689ms] [LOG] Parsing server packet with ID: 78 @ http://localhost:3000/_next/static/chunks/0cco_next_dist_0uq~hyz._.js:2477
[  133065ms] [LOG] Parsing server packet with ID: 9 @ http://localhost:3000/_next/static/chunks/0cco_next_dist_0uq~hyz._.js:2477
[  134179ms] [LOG] Parsing server packet with ID: 78 @ http://localhost:3000/_next/static/chunks/0cco_next_dist_0uq~hyz._.js:2477
[  142226ms] [LOG] Parsing server packet with ID: 78 @ http://localhost:3000/_next/static/chunks/0cco_next_dist_0uq~hyz._.js:2477
[  143064ms] [LOG] Parsing server packet with ID: 9 @ http://localhost:3000/_next/static/chunks/0cco_next_dist_0uq~hyz._.js:2477
[  150333ms] [LOG] Parsing server packet with ID: 78 @ http://localhost:3000/_next/static/chunks/0cco_next_dist_0uq~hyz._.js:2477
[  153064ms] [LOG] Parsing server packet with ID: 9 @ http://localhost:3000/_next/static/chunks/0cco_next_dist_0uq~hyz._.js:2477
[  158758ms] [LOG] Parsing server packet with ID: 78 @ http://localhost:3000/_next/static/chunks/0cco_next_dist_0uq~hyz._.js:2477
[  163069ms] [LOG] Parsing server packet with ID: 9 @ http://localhost:3000/_next/static/chunks/0cco_next_dist_0uq~hyz._.js:2477
[  167248ms] [LOG] Parsing server packet with ID: 78 @ http://localhost:3000/_next/static/chunks/0cco_next_dist_0uq~hyz._.js:2477
[  173065ms] [LOG] Parsing server packet with ID: 9 @ http://localhost:3000/_next/static/chunks/0cco_next_dist_0uq~hyz._.js:2477
[  198415ms] [INFO] %cDownload the React DevTools for a better development experience: https://react.dev/link/react-devtools font-weight:bold @ http://localhost:3000/_next/static/chunks/0cco_next_dist_0uq~hyz._.js:2477
[  198427ms] [LOG] [HMR] connected @ http://localhost:3000/_next/static/chunks/0cco_next_dist_0uq~hyz._.js:2477
[  204310ms] [LOG] [Fast Refresh] rebuilding @ http://localhost:3000/_next/static/chunks/0cco_next_dist_0uq~hyz._.js:2477
[  204342ms] [LOG] [Fast Refresh] done in 148ms @ http://localhost:3000/_next/static/chunks/0cco_next_dist_0uq~hyz._.js:2477
[  204372ms] [INFO] %cDownload the React DevTools for a better development experience: https://react.dev/link/react-devtools font-weight:bold @ http://localhost:3000/_next/static/chunks/0cco_next_dist_0uq~hyz._.js:2477
[  204384ms] [LOG] [HMR] connected @ http://localhost:3000/_next/static/chunks/0cco_next_dist_0uq~hyz._.js:2477
[  204650ms] [LOG] Loading resources... @ http://localhost:3000/_next/static/chunks/0cco_next_dist_0uq~hyz._.js:2477
[  205091ms] [LOG] Parsing server packet with ID: 9 @ http://localhost:3000/_next/static/chunks/0cco_next_dist_0uq~hyz._.js:2477
[  205184ms] [LOG] Parsing server packet with ID: 1 @ http://localhost:3000/_next/static/chunks/0cco_next_dist_0uq~hyz._.js:2477
[  205184ms] [LOG] Parsing server packet with ID: 8 @ http://localhost:3000/_next/static/chunks/0cco_next_dist_0uq~hyz._.js:2477
[  205184ms] [LOG] Parsing server packet with ID: 8 @ http://localhost:3000/_next/static/chunks/0cco_next_dist_0uq~hyz._.js:2477
[  205185ms] [LOG] Parsing server packet with ID: 8 @ http://localhost:3000/_next/static/chunks/0cco_next_dist_0uq~hyz._.js:2477
[  205185ms] [LOG] Parsing server packet with ID: 83 @ http://localhost:3000/_next/static/chunks/0cco_next_dist_0uq~hyz._.js:2477
[  205185ms] [LOG] Parsing server packet with ID: 8 @ http://localhost:3000/_next/static/chunks/0cco_next_dist_0uq~hyz._.js:2477
[  205185ms] [LOG] Parsing server packet with ID: 8 @ http://localhost:3000/_next/static/chunks/0cco_next_dist_0uq~hyz._.js:2477
[  205185ms] [LOG] Parsing server packet with ID: 8 @ http://localhost:3000/_next/static/chunks/0cco_next_dist_0uq~hyz._.js:2477
[  205185ms] [LOG] Parsing server packet with ID: 75 @ http://localhost:3000/_next/static/chunks/0cco_next_dist_0uq~hyz._.js:2477
[  205185ms] [LOG] Parsing server packet with ID: 72 @ http://localhost:3000/_next/static/chunks/0cco_next_dist_0uq~hyz._.js:2477
[  205185ms] [LOG] Parsing server packet with ID: 73 @ http://localhost:3000/_next/static/chunks/0cco_next_dist_0uq~hyz._.js:2477
[  205186ms] [LOG] Parsing server packet with ID: 74 @ http://localhost:3000/_next/static/chunks/0cco_next_dist_0uq~hyz._.js:2477
[  205289ms] [LOG] Parsing server packet with ID: 8 @ http://localhost:3000/_next/static/chunks/0cco_next_dist_0uq~hyz._.js:2477
[  205289ms] [LOG] Parsing server packet with ID: 19 @ http://localhost:3000/_next/static/chunks/0cco_next_dist_0uq~hyz._.js:2477
[  205289ms] [LOG] Parsing server packet with ID: 49 @ http://localhost:3000/_next/static/chunks/0cco_next_dist_0uq~hyz._.js:2477
[  205319ms] [LOG] Parsing server packet with ID: 78 @ http://localhost:3000/_next/static/chunks/0cco_next_dist_0uq~hyz._.js:2477
[  205355ms] [WARNING] The AudioContext was not allowed to start. It must be resumed (or created) after a user gesture on the page. https://developer.chrome.com/blog/autoplay/#web_audio @ http://localhost:3000/_next/static/chunks/node_modules__pnpm_0~v.d05._.js:2661
[  213384ms] [LOG] Parsing server packet with ID: 78 @ http://localhost:3000/_next/static/chunks/0cco_next_dist_0uq~hyz._.js:2477
[  215083ms] [LOG] Parsing server packet with ID: 9 @ http://localhost:3000/_next/static/chunks/0cco_next_dist_0uq~hyz._.js:2477
[  221433ms] [LOG] Parsing server packet with ID: 78 @ http://localhost:3000/_next/static/chunks/0cco_next_dist_0uq~hyz._.js:2477
[  225098ms] [LOG] Parsing server packet with ID: 9 @ http://localhost:3000/_next/static/chunks/0cco_next_dist_0uq~hyz._.js:2477
[  229704ms] [LOG] Parsing server packet with ID: 78 @ http://localhost:3000/_next/static/chunks/0cco_next_dist_0uq~hyz._.js:2477
[  235093ms] [LOG] Parsing server packet with ID: 9 @ http://localhost:3000/_next/static/chunks/0cco_next_dist_0uq~hyz._.js:2477
[  237916ms] [LOG] Parsing server packet with ID: 78 @ http://localhost:3000/_next/static/chunks/0cco_next_dist_0uq~hyz._.js:2477
[  253317ms] [LOG] Loading resources... @ http://localhost:3000/_next/static/chunks/0cco_next_dist_0uq~hyz._.js:2477
[  253573ms] [LOG] Parsing server packet with ID: 9 @ http://localhost:3000/_next/static/chunks/0cco_next_dist_0uq~hyz._.js:2477
[  253643ms] [LOG] Parsing server packet with ID: 1 @ http://localhost:3000/_next/static/chunks/0cco_next_dist_0uq~hyz._.js:2477
[  253644ms] [LOG] Parsing server packet with ID: 8 @ http://localhost:3000/_next/static/chunks/0cco_next_dist_0uq~hyz._.js:2477
[  253644ms] [LOG] Parsing server packet with ID: 8 @ http://localhost:3000/_next/static/chunks/0cco_next_dist_0uq~hyz._.js:2477
[  253644ms] [LOG] Parsing server packet with ID: 8 @ http://localhost:3000/_next/static/chunks/0cco_next_dist_0uq~hyz._.js:2477
[  253644ms] [LOG] Parsing server packet with ID: 83 @ http://localhost:3000/_next/static/chunks/0cco_next_dist_0uq~hyz._.js:2477
[  253644ms] [LOG] Parsing server packet with ID: 8 @ http://localhost:3000/_next/static/chunks/0cco_next_dist_0uq~hyz._.js:2477
[  253645ms] [LOG] Parsing server packet with ID: 8 @ http://localhost:3000/_next/static/chunks/0cco_next_dist_0uq~hyz._.js:2477
[  253645ms] [LOG] Parsing server packet with ID: 8 @ http://localhost:3000/_next/static/chunks/0cco_next_dist_0uq~hyz._.js:2477
[  253645ms] [LOG] Parsing server packet with ID: 75 @ http://localhost:3000/_next/static/chunks/0cco_next_dist_0uq~hyz._.js:2477
[  253645ms] [LOG] Parsing server packet with ID: 72 @ http://localhost:3000/_next/static/chunks/0cco_next_dist_0uq~hyz._.js:2477
[  253645ms] [LOG] Parsing server packet with ID: 73 @ http://localhost:3000/_next/static/chunks/0cco_next_dist_0uq~hyz._.js:2477
[  253645ms] [LOG] Parsing server packet with ID: 74 @ http://localhost:3000/_next/static/chunks/0cco_next_dist_0uq~hyz._.js:2477
[  253667ms] [LOG] Parsing server packet with ID: 19 @ http://localhost:3000/_next/static/chunks/0cco_next_dist_0uq~hyz._.js:2477
[  253667ms] [LOG] Parsing server packet with ID: 49 @ http://localhost:3000/_next/static/chunks/0cco_next_dist_0uq~hyz._.js:2477
[  254070ms] [LOG] Parsing server packet with ID: 78 @ http://localhost:3000/_next/static/chunks/0cco_next_dist_0uq~hyz._.js:2477
[  262170ms] [LOG] Parsing server packet with ID: 78 @ http://localhost:3000/_next/static/chunks/0cco_next_dist_0uq~hyz._.js:2477
[  263574ms] [LOG] Parsing server packet with ID: 9 @ http://localhost:3000/_next/static/chunks/0cco_next_dist_0uq~hyz._.js:2477
[  270277ms] [LOG] Parsing server packet with ID: 78 @ http://localhost:3000/_next/static/chunks/0cco_next_dist_0uq~hyz._.js:2477
[  273574ms] [LOG] Parsing server packet with ID: 9 @ http://localhost:3000/_next/static/chunks/0cco_next_dist_0uq~hyz._.js:2477
[  278445ms] [LOG] Parsing server packet with ID: 78 @ http://localhost:3000/_next/static/chunks/0cco_next_dist_0uq~hyz._.js:2477
[  283574ms] [LOG] Parsing server packet with ID: 9 @ http://localhost:3000/_next/static/chunks/0cco_next_dist_0uq~hyz._.js:2477
[  286608ms] [LOG] Parsing server packet with ID: 78 @ http://localhost:3000/_next/static/chunks/0cco_next_dist_0uq~hyz._.js:2477
[  293574ms] [LOG] Parsing server packet with ID: 9 @ http://localhost:3000/_next/static/chunks/0cco_next_dist_0uq~hyz._.js:2477
[  294837ms] [LOG] Parsing server packet with ID: 78 @ http://localhost:3000/_next/static/chunks/0cco_next_dist_0uq~hyz._.js:2477
[  303384ms] [LOG] Parsing server packet with ID: 78 @ http://localhost:3000/_next/static/chunks/0cco_next_dist_0uq~hyz._.js:2477
[  303573ms] [LOG] Parsing server packet with ID: 9 @ http://localhost:3000/_next/static/chunks/0cco_next_dist_0uq~hyz._.js:2477
[  311559ms] [LOG] Parsing server packet with ID: 78 @ http://localhost:3000/_next/static/chunks/0cco_next_dist_0uq~hyz._.js:2477
[  313567ms] [LOG] Parsing server packet with ID: 9 @ http://localhost:3000/_next/static/chunks/0cco_next_dist_0uq~hyz._.js:2477
[  319616ms] [LOG] Parsing server packet with ID: 78 @ http://localhost:3000/_next/static/chunks/0cco_next_dist_0uq~hyz._.js:2477
[  323569ms] [LOG] Parsing server packet with ID: 9 @ http://localhost:3000/_next/static/chunks/0cco_next_dist_0uq~hyz._.js:2477
[  328096ms] [LOG] Parsing server packet with ID: 78 @ http://localhost:3000/_next/static/chunks/0cco_next_dist_0uq~hyz._.js:2477
[  333568ms] [LOG] Parsing server packet with ID: 9 @ http://localhost:3000/_next/static/chunks/0cco_next_dist_0uq~hyz._.js:2477
[  336161ms] [LOG] Parsing server packet with ID: 78 @ http://localhost:3000/_next/static/chunks/0cco_next_dist_0uq~hyz._.js:2477
[  343569ms] [LOG] Parsing server packet with ID: 9 @ http://localhost:3000/_next/static/chunks/0cco_next_dist_0uq~hyz._.js:2477
[  344209ms] [LOG] Parsing server packet with ID: 78 @ http://localhost:3000/_next/static/chunks/0cco_next_dist_0uq~hyz._.js:2477
[  346206ms] [LOG] Parsing server packet with ID: 57 @ http://localhost:3000/_next/static/chunks/0cco_next_dist_0uq~hyz._.js:2477
[  352254ms] [LOG] Parsing server packet with ID: 78 @ http://localhost:3000/_next/static/chunks/0cco_next_dist_0uq~hyz._.js:2477
[  353568ms] [LOG] Parsing server packet with ID: 9 @ http://localhost:3000/_next/static/chunks/0cco_next_dist_0uq~hyz._.js:2477
[  360295ms] [LOG] Parsing server packet with ID: 78 @ http://localhost:3000/_next/static/chunks/0cco_next_dist_0uq~hyz._.js:2477
[  363565ms] [LOG] Parsing server packet with ID: 9 @ http://localhost:3000/_next/static/chunks/0cco_next_dist_0uq~hyz._.js:2477
[  368341ms] [LOG] Parsing server packet with ID: 78 @ http://localhost:3000/_next/static/chunks/0cco_next_dist_0uq~hyz._.js:2477
[  373565ms] [LOG] Parsing server packet with ID: 9 @ http://localhost:3000/_next/static/chunks/0cco_next_dist_0uq~hyz._.js:2477
[  376444ms] [LOG] Parsing server packet with ID: 78 @ http://localhost:3000/_next/static/chunks/0cco_next_dist_0uq~hyz._.js:2477
[  383564ms] [LOG] Parsing server packet with ID: 9 @ http://localhost:3000/_next/static/chunks/0cco_next_dist_0uq~hyz._.js:2477
[  384745ms] [LOG] Parsing server packet with ID: 78 @ http://localhost:3000/_next/static/chunks/0cco_next_dist_0uq~hyz._.js:2477
[  392906ms] [LOG] Parsing server packet with ID: 78 @ http://localhost:3000/_next/static/chunks/0cco_next_dist_0uq~hyz._.js:2477
[  393564ms] [LOG] Parsing server packet with ID: 9 @ http://localhost:3000/_next/static/chunks/0cco_next_dist_0uq~hyz._.js:2477
[  401128ms] [LOG] Parsing server packet with ID: 78 @ http://localhost:3000/_next/static/chunks/0cco_next_dist_0uq~hyz._.js:2477
[  403564ms] [LOG] Parsing server packet with ID: 9 @ http://localhost:3000/_next/static/chunks/0cco_next_dist_0uq~hyz._.js:2477
[  409235ms] [LOG] Parsing server packet with ID: 78 @ http://localhost:3000/_next/static/chunks/0cco_next_dist_0uq~hyz._.js:2477
[  413563ms] [LOG] Parsing server packet with ID: 9 @ http://localhost:3000/_next/static/chunks/0cco_next_dist_0uq~hyz._.js:2477
[  417720ms] [LOG] Parsing server packet with ID: 78 @ http://localhost:3000/_next/static/chunks/0cco_next_dist_0uq~hyz._.js:2477
[  423559ms] [LOG] Parsing server packet with ID: 9 @ http://localhost:3000/_next/static/chunks/0cco_next_dist_0uq~hyz._.js:2477
[  426260ms] [LOG] Parsing server packet with ID: 78 @ http://localhost:3000/_next/static/chunks/0cco_next_dist_0uq~hyz._.js:2477
[  433559ms] [LOG] Parsing server packet with ID: 9 @ http://localhost:3000/_next/static/chunks/0cco_next_dist_0uq~hyz._.js:2477
[  434307ms] [LOG] Parsing server packet with ID: 78 @ http://localhost:3000/_next/static/chunks/0cco_next_dist_0uq~hyz._.js:2477
[  442361ms] [LOG] Parsing server packet with ID: 78 @ http://localhost:3000/_next/static/chunks/0cco_next_dist_0uq~hyz._.js:2477
[  443559ms] [LOG] Parsing server packet with ID: 9 @ http://localhost:3000/_next/static/chunks/0cco_next_dist_0uq~hyz._.js:2477
[  450534ms] [LOG] Parsing server packet with ID: 78 @ http://localhost:3000/_next/static/chunks/0cco_next_dist_0uq~hyz._.js:2477
[  453559ms] [LOG] Parsing server packet with ID: 9 @ http://localhost:3000/_next/static/chunks/0cco_next_dist_0uq~hyz._.js:2477
[  459086ms] [LOG] Parsing server packet with ID: 78 @ http://localhost:3000/_next/static/chunks/0cco_next_dist_0uq~hyz._.js:2477
[  463559ms] [LOG] Parsing server packet with ID: 9 @ http://localhost:3000/_next/static/chunks/0cco_next_dist_0uq~hyz._.js:2477
[  467255ms] [LOG] Parsing server packet with ID: 78 @ http://localhost:3000/_next/static/chunks/0cco_next_dist_0uq~hyz._.js:2477
[  473571ms] [LOG] Parsing server packet with ID: 9 @ http://localhost:3000/_next/static/chunks/0cco_next_dist_0uq~hyz._.js:2477
[  475540ms] [LOG] Parsing server packet with ID: 78 @ http://localhost:3000/_next/static/chunks/0cco_next_dist_0uq~hyz._.js:2477
[  483569ms] [LOG] Parsing server packet with ID: 9 @ http://localhost:3000/_next/static/chunks/0cco_next_dist_0uq~hyz._.js:2477
[  484087ms] [LOG] Parsing server packet with ID: 78 @ http://localhost:3000/_next/static/chunks/0cco_next_dist_0uq~hyz._.js:2477
[  490255ms] [LOG] [Fast Refresh] rebuilding @ http://localhost:3000/_next/static/chunks/0cco_next_dist_0uq~hyz._.js:2477
[  490468ms] [LOG] [Fast Refresh] done in 284ms @ http://localhost:3000/_next/static/chunks/0cco_next_dist_0uq~hyz._.js:2477
[  492143ms] [LOG] Parsing server packet with ID: 78 @ http://localhost:3000/_next/static/chunks/0cco_next_dist_0uq~hyz._.js:2477
[  493556ms] [LOG] Parsing server packet with ID: 9 @ http://localhost:3000/_next/static/chunks/0cco_next_dist_0uq~hyz._.js:2477
[  496654ms] [LOG] [Fast Refresh] rebuilding @ http://localhost:3000/_next/static/chunks/0cco_next_dist_0uq~hyz._.js:2477
[  496738ms] [LOG] [Fast Refresh] done in 177ms @ http://localhost:3000/_next/static/chunks/0cco_next_dist_0uq~hyz._.js:2477
[  496849ms] [LOG] [Fast Refresh] rebuilding @ http://localhost:3000/_next/static/chunks/0cco_next_dist_0uq~hyz._.js:2477
[  496932ms] [LOG] [Fast Refresh] done in 192ms @ http://localhost:3000/_next/static/chunks/0cco_next_dist_0uq~hyz._.js:2477
[  500632ms] [LOG] Parsing server packet with ID: 78 @ http://localhost:3000/_next/static/chunks/0cco_next_dist_0uq~hyz._.js:2477
[  503574ms] [LOG] Parsing server packet with ID: 9 @ http://localhost:3000/_next/static/chunks/0cco_next_dist_0uq~hyz._.js:2477
[  509071ms] [LOG] Parsing server packet with ID: 78 @ http://localhost:3000/_next/static/chunks/0cco_next_dist_0uq~hyz._.js:2477
[  513566ms] [LOG] Parsing server packet with ID: 9 @ http://localhost:3000/_next/static/chunks/0cco_next_dist_0uq~hyz._.js:2477
[  517228ms] [LOG] Parsing server packet with ID: 78 @ http://localhost:3000/_next/static/chunks/0cco_next_dist_0uq~hyz._.js:2477
[  523556ms] [LOG] Parsing server packet with ID: 9 @ http://localhost:3000/_next/static/chunks/0cco_next_dist_0uq~hyz._.js:2477
[  525288ms] [LOG] Parsing server packet with ID: 78 @ http://localhost:3000/_next/static/chunks/0cco_next_dist_0uq~hyz._.js:2477
[  533445ms] [LOG] Parsing server packet with ID: 78 @ http://localhost:3000/_next/static/chunks/0cco_next_dist_0uq~hyz._.js:2477
[  533569ms] [LOG] Parsing server packet with ID: 9 @ http://localhost:3000/_next/static/chunks/0cco_next_dist_0uq~hyz._.js:2477
[  541548ms] [LOG] Parsing server packet with ID: 78 @ http://localhost:3000/_next/static/chunks/0cco_next_dist_0uq~hyz._.js:2477
[  543552ms] [LOG] Parsing server packet with ID: 9 @ http://localhost:3000/_next/static/chunks/0cco_next_dist_0uq~hyz._.js:2477
[  549777ms] [LOG] Parsing server packet with ID: 78 @ http://localhost:3000/_next/static/chunks/0cco_next_dist_0uq~hyz._.js:2477
[  553564ms] [LOG] Parsing server packet with ID: 9 @ http://localhost:3000/_next/static/chunks/0cco_next_dist_0uq~hyz._.js:2477
[  557941ms] [LOG] Parsing server packet with ID: 78 @ http://localhost:3000/_next/static/chunks/0cco_next_dist_0uq~hyz._.js:2477
[  563559ms] [LOG] Parsing server packet with ID: 9 @ http://localhost:3000/_next/static/chunks/0cco_next_dist_0uq~hyz._.js:2477
[  566436ms] [LOG] Parsing server packet with ID: 78 @ http://localhost:3000/_next/static/chunks/0cco_next_dist_0uq~hyz._.js:2477
[  573570ms] [LOG] Parsing server packet with ID: 9 @ http://localhost:3000/_next/static/chunks/0cco_next_dist_0uq~hyz._.js:2477
[  574629ms] [LOG] Parsing server packet with ID: 78 @ http://localhost:3000/_next/static/chunks/0cco_next_dist_0uq~hyz._.js:2477
[  582719ms] [LOG] Parsing server packet with ID: 78 @ http://localhost:3000/_next/static/chunks/0cco_next_dist_0uq~hyz._.js:2477
[  583555ms] [LOG] Parsing server packet with ID: 9 @ http://localhost:3000/_next/static/chunks/0cco_next_dist_0uq~hyz._.js:2477
[  591208ms] [LOG] Parsing server packet with ID: 78 @ http://localhost:3000/_next/static/chunks/0cco_next_dist_0uq~hyz._.js:2477
[  593560ms] [LOG] Parsing server packet with ID: 9 @ http://localhost:3000/_next/static/chunks/0cco_next_dist_0uq~hyz._.js:2477
[  599318ms] [LOG] Parsing server packet with ID: 78 @ http://localhost:3000/_next/static/chunks/0cco_next_dist_0uq~hyz._.js:2477
[  603561ms] [LOG] Parsing server packet with ID: 9 @ http://localhost:3000/_next/static/chunks/0cco_next_dist_0uq~hyz._.js:2477
[  607547ms] [LOG] Parsing server packet with ID: 78 @ http://localhost:3000/_next/static/chunks/0cco_next_dist_0uq~hyz._.js:2477
[  613551ms] [LOG] Parsing server packet with ID: 9 @ http://localhost:3000/_next/static/chunks/0cco_next_dist_0uq~hyz._.js:2477
[  615595ms] [LOG] Parsing server packet with ID: 78 @ http://localhost:3000/_next/static/chunks/0cco_next_dist_0uq~hyz._.js:2477
[  623556ms] [LOG] Parsing server packet with ID: 9 @ http://localhost:3000/_next/static/chunks/0cco_next_dist_0uq~hyz._.js:2477
[  623699ms] [LOG] Parsing server packet with ID: 78 @ http://localhost:3000/_next/static/chunks/0cco_next_dist_0uq~hyz._.js:2477
[  632187ms] [LOG] Parsing server packet with ID: 78 @ http://localhost:3000/_next/static/chunks/0cco_next_dist_0uq~hyz._.js:2477
[  633561ms] [LOG] Parsing server packet with ID: 9 @ http://localhost:3000/_next/static/chunks/0cco_next_dist_0uq~hyz._.js:2477
[  640301ms] [LOG] Parsing server packet with ID: 78 @ http://localhost:3000/_next/static/chunks/0cco_next_dist_0uq~hyz._.js:2477
[  643560ms] [LOG] Parsing server packet with ID: 9 @ http://localhost:3000/_next/static/chunks/0cco_next_dist_0uq~hyz._.js:2477
[  648412ms] [LOG] Parsing server packet with ID: 78 @ http://localhost:3000/_next/static/chunks/0cco_next_dist_0uq~hyz._.js:2477
[  653555ms] [LOG] Parsing server packet with ID: 9 @ http://localhost:3000/_next/static/chunks/0cco_next_dist_0uq~hyz._.js:2477
[  656964ms] [LOG] Parsing server packet with ID: 78 @ http://localhost:3000/_next/static/chunks/0cco_next_dist_0uq~hyz._.js:2477
[  663556ms] [LOG] Parsing server packet with ID: 9 @ http://localhost:3000/_next/static/chunks/0cco_next_dist_0uq~hyz._.js:2477
[  665331ms] [LOG] Parsing server packet with ID: 78 @ http://localhost:3000/_next/static/chunks/0cco_next_dist_0uq~hyz._.js:2477
[  673494ms] [LOG] Parsing server packet with ID: 78 @ http://localhost:3000/_next/static/chunks/0cco_next_dist_0uq~hyz._.js:2477
[  673557ms] [LOG] Parsing server packet with ID: 9 @ http://localhost:3000/_next/static/chunks/0cco_next_dist_0uq~hyz._.js:2477
[  682060ms] [LOG] Parsing server packet with ID: 78 @ http://localhost:3000/_next/static/chunks/0cco_next_dist_0uq~hyz._.js:2477
[  683556ms] [LOG] Parsing server packet with ID: 9 @ http://localhost:3000/_next/static/chunks/0cco_next_dist_0uq~hyz._.js:2477
[  690598ms] [LOG] Parsing server packet with ID: 78 @ http://localhost:3000/_next/static/chunks/0cco_next_dist_0uq~hyz._.js:2477
[  693556ms] [LOG] Parsing server packet with ID: 9 @ http://localhost:3000/_next/static/chunks/0cco_next_dist_0uq~hyz._.js:2477
[  699028ms] [LOG] Parsing server packet with ID: 78 @ http://localhost:3000/_next/static/chunks/0cco_next_dist_0uq~hyz._.js:2477
[  703545ms] [LOG] Parsing server packet with ID: 9 @ http://localhost:3000/_next/static/chunks/0cco_next_dist_0uq~hyz._.js:2477
[  707087ms] [LOG] Parsing server packet with ID: 78 @ http://localhost:3000/_next/static/chunks/0cco_next_dist_0uq~hyz._.js:2477
[  713554ms] [LOG] Parsing server packet with ID: 9 @ http://localhost:3000/_next/static/chunks/0cco_next_dist_0uq~hyz._.js:2477
[  715517ms] [LOG] Parsing server packet with ID: 78 @ http://localhost:3000/_next/static/chunks/0cco_next_dist_0uq~hyz._.js:2477
[  723552ms] [LOG] Parsing server packet with ID: 9 @ http://localhost:3000/_next/static/chunks/0cco_next_dist_0uq~hyz._.js:2477
[  724070ms] [LOG] Parsing server packet with ID: 78 @ http://localhost:3000/_next/static/chunks/0cco_next_dist_0uq~hyz._.js:2477
[  732624ms] [LOG] Parsing server packet with ID: 78 @ http://localhost:3000/_next/static/chunks/0cco_next_dist_0uq~hyz._.js:2477
[  733552ms] [LOG] Parsing server packet with ID: 9 @ http://localhost:3000/_next/static/chunks/0cco_next_dist_0uq~hyz._.js:2477
[  740905ms] [LOG] Parsing server packet with ID: 78 @ http://localhost:3000/_next/static/chunks/0cco_next_dist_0uq~hyz._.js:2477
[  743547ms] [LOG] Parsing server packet with ID: 9 @ http://localhost:3000/_next/static/chunks/0cco_next_dist_0uq~hyz._.js:2477
[  749402ms] [LOG] Parsing server packet with ID: 78 @ http://localhost:3000/_next/static/chunks/0cco_next_dist_0uq~hyz._.js:2477
[  753548ms] [LOG] Parsing server packet with ID: 9 @ http://localhost:3000/_next/static/chunks/0cco_next_dist_0uq~hyz._.js:2477
[  757830ms] [LOG] Parsing server packet with ID: 78 @ http://localhost:3000/_next/static/chunks/0cco_next_dist_0uq~hyz._.js:2477
[  763551ms] [LOG] Parsing server packet with ID: 9 @ http://localhost:3000/_next/static/chunks/0cco_next_dist_0uq~hyz._.js:2477
[  766381ms] [LOG] Parsing server packet with ID: 78 @ http://localhost:3000/_next/static/chunks/0cco_next_dist_0uq~hyz._.js:2477
[  773545ms] [LOG] Parsing server packet with ID: 9 @ http://localhost:3000/_next/static/chunks/0cco_next_dist_0uq~hyz._.js:2477
[  774880ms] [LOG] Parsing server packet with ID: 78 @ http://localhost:3000/_next/static/chunks/0cco_next_dist_0uq~hyz._.js:2477
[  783044ms] [LOG] Parsing server packet with ID: 78 @ http://localhost:3000/_next/static/chunks/0cco_next_dist_0uq~hyz._.js:2477
[  783548ms] [LOG] Parsing server packet with ID: 9 @ http://localhost:3000/_next/static/chunks/0cco_next_dist_0uq~hyz._.js:2477
[  791089ms] [LOG] Parsing server packet with ID: 78 @ http://localhost:3000/_next/static/chunks/0cco_next_dist_0uq~hyz._.js:2477
[  793548ms] [LOG] Parsing server packet with ID: 9 @ http://localhost:3000/_next/static/chunks/0cco_next_dist_0uq~hyz._.js:2477
[  799138ms] [LOG] Parsing server packet with ID: 78 @ http://localhost:3000/_next/static/chunks/0cco_next_dist_0uq~hyz._.js:2477
[  803540ms] [LOG] Parsing server packet with ID: 9 @ http://localhost:3000/_next/static/chunks/0cco_next_dist_0uq~hyz._.js:2477
[  807569ms] [LOG] Parsing server packet with ID: 78 @ http://localhost:3000/_next/static/chunks/0cco_next_dist_0uq~hyz._.js:2477
[  813540ms] [LOG] Parsing server packet with ID: 9 @ http://localhost:3000/_next/static/chunks/0cco_next_dist_0uq~hyz._.js:2477
[  815683ms] [LOG] Parsing server packet with ID: 78 @ http://localhost:3000/_next/static/chunks/0cco_next_dist_0uq~hyz._.js:2477
[  823546ms] [LOG] Parsing server packet with ID: 9 @ http://localhost:3000/_next/static/chunks/0cco_next_dist_0uq~hyz._.js:2477
[  824107ms] [LOG] Parsing server packet with ID: 78 @ http://localhost:3000/_next/static/chunks/0cco_next_dist_0uq~hyz._.js:2477
[  832151ms] [LOG] Parsing server packet with ID: 78 @ http://localhost:3000/_next/static/chunks/0cco_next_dist_0uq~hyz._.js:2477
[  833547ms] [LOG] Parsing server packet with ID: 9 @ http://localhost:3000/_next/static/chunks/0cco_next_dist_0uq~hyz._.js:2477
[  840635ms] [LOG] Parsing server packet with ID: 78 @ http://localhost:3000/_next/static/chunks/0cco_next_dist_0uq~hyz._.js:2477
[  843544ms] [LOG] Parsing server packet with ID: 9 @ http://localhost:3000/_next/static/chunks/0cco_next_dist_0uq~hyz._.js:2477
[  848691ms] [LOG] Parsing server packet with ID: 78 @ http://localhost:3000/_next/static/chunks/0cco_next_dist_0uq~hyz._.js:2477
[  853544ms] [LOG] Parsing server packet with ID: 9 @ http://localhost:3000/_next/static/chunks/0cco_next_dist_0uq~hyz._.js:2477
[  857237ms] [LOG] Parsing server packet with ID: 78 @ http://localhost:3000/_next/static/chunks/0cco_next_dist_0uq~hyz._.js:2477
[  863543ms] [LOG] Parsing server packet with ID: 9 @ http://localhost:3000/_next/static/chunks/0cco_next_dist_0uq~hyz._.js:2477
[  865741ms] [LOG] Parsing server packet with ID: 78 @ http://localhost:3000/_next/static/chunks/0cco_next_dist_0uq~hyz._.js:2477
[  873543ms] [LOG] Parsing server packet with ID: 9 @ http://localhost:3000/_next/static/chunks/0cco_next_dist_0uq~hyz._.js:2477
[  874225ms] [LOG] Parsing server packet with ID: 78 @ http://localhost:3000/_next/static/chunks/0cco_next_dist_0uq~hyz._.js:2477
[  882714ms] [LOG] Parsing server packet with ID: 78 @ http://localhost:3000/_next/static/chunks/0cco_next_dist_0uq~hyz._.js:2477
[  883543ms] [LOG] Parsing server packet with ID: 9 @ http://localhost:3000/_next/static/chunks/0cco_next_dist_0uq~hyz._.js:2477
[  891210ms] [LOG] Parsing server packet with ID: 78 @ http://localhost:3000/_next/static/chunks/0cco_next_dist_0uq~hyz._.js:2477
[  893543ms] [LOG] Parsing server packet with ID: 9 @ http://localhost:3000/_next/static/chunks/0cco_next_dist_0uq~hyz._.js:2477
[  899585ms] [LOG] Parsing server packet with ID: 78 @ http://localhost:3000/_next/static/chunks/0cco_next_dist_0uq~hyz._.js:2477
[  903540ms] [LOG] Parsing server packet with ID: 9 @ http://localhost:3000/_next/static/chunks/0cco_next_dist_0uq~hyz._.js:2477
[  908012ms] [LOG] Parsing server packet with ID: 78 @ http://localhost:3000/_next/static/chunks/0cco_next_dist_0uq~hyz._.js:2477
[  913537ms] [LOG] Parsing server packet with ID: 9 @ http://localhost:3000/_next/static/chunks/0cco_next_dist_0uq~hyz._.js:2477
[  916510ms] [LOG] Parsing server packet with ID: 78 @ http://localhost:3000/_next/static/chunks/0cco_next_dist_0uq~hyz._.js:2477
[  923537ms] [LOG] Parsing server packet with ID: 9 @ http://localhost:3000/_next/static/chunks/0cco_next_dist_0uq~hyz._.js:2477
[  924838ms] [LOG] Parsing server packet with ID: 78 @ http://localhost:3000/_next/static/chunks/0cco_next_dist_0uq~hyz._.js:2477
[  932883ms] [LOG] Parsing server packet with ID: 78 @ http://localhost:3000/_next/static/chunks/0cco_next_dist_0uq~hyz._.js:2477
[  933539ms] [LOG] Parsing server packet with ID: 9 @ http://localhost:3000/_next/static/chunks/0cco_next_dist_0uq~hyz._.js:2477
[  941329ms] [LOG] Parsing server packet with ID: 78 @ http://localhost:3000/_next/static/chunks/0cco_next_dist_0uq~hyz._.js:2477
[  943539ms] [LOG] Parsing server packet with ID: 9 @ http://localhost:3000/_next/static/chunks/0cco_next_dist_0uq~hyz._.js:2477
[  949887ms] [LOG] Parsing server packet with ID: 78 @ http://localhost:3000/_next/static/chunks/0cco_next_dist_0uq~hyz._.js:2477
[  953539ms] [LOG] Parsing server packet with ID: 9 @ http://localhost:3000/_next/static/chunks/0cco_next_dist_0uq~hyz._.js:2477
[  958057ms] [LOG] Parsing server packet with ID: 78 @ http://localhost:3000/_next/static/chunks/0cco_next_dist_0uq~hyz._.js:2477
[  963536ms] [LOG] Parsing server packet with ID: 9 @ http://localhost:3000/_next/static/chunks/0cco_next_dist_0uq~hyz._.js:2477
[  966614ms] [LOG] Parsing server packet with ID: 78 @ http://localhost:3000/_next/static/chunks/0cco_next_dist_0uq~hyz._.js:2477
[  973535ms] [LOG] Parsing server packet with ID: 9 @ http://localhost:3000/_next/static/chunks/0cco_next_dist_0uq~hyz._.js:2477
[  974921ms] [LOG] Parsing server packet with ID: 78 @ http://localhost:3000/_next/static/chunks/0cco_next_dist_0uq~hyz._.js:2477
[  983359ms] [LOG] Parsing server packet with ID: 78 @ http://localhost:3000/_next/static/chunks/0cco_next_dist_0uq~hyz._.js:2477
[  983535ms] [LOG] Parsing server packet with ID: 9 @ http://localhost:3000/_next/static/chunks/0cco_next_dist_0uq~hyz._.js:2477
[  991849ms] [LOG] Parsing server packet with ID: 78 @ http://localhost:3000/_next/static/chunks/0cco_next_dist_0uq~hyz._.js:2477
[  993535ms] [LOG] Parsing server packet with ID: 9 @ http://localhost:3000/_next/static/chunks/0cco_next_dist_0uq~hyz._.js:2477
[ 1000283ms] [LOG] Parsing server packet with ID: 78 @ http://localhost:3000/_next/static/chunks/0cco_next_dist_0uq~hyz._.js:2477
[ 1003535ms] [LOG] Parsing server packet with ID: 9 @ http://localhost:3000/_next/static/chunks/0cco_next_dist_0uq~hyz._.js:2477
[ 1008828ms] [LOG] Parsing server packet with ID: 78 @ http://localhost:3000/_next/static/chunks/0cco_next_dist_0uq~hyz._.js:2477
[ 1013535ms] [LOG] Parsing server packet with ID: 9 @ http://localhost:3000/_next/static/chunks/0cco_next_dist_0uq~hyz._.js:2477
[ 1017199ms] [LOG] Parsing server packet with ID: 78 @ http://localhost:3000/_next/static/chunks/0cco_next_dist_0uq~hyz._.js:2477
[ 1023532ms] [LOG] Parsing server packet with ID: 9 @ http://localhost:3000/_next/static/chunks/0cco_next_dist_0uq~hyz._.js:2477
[ 1025629ms] [LOG] Parsing server packet with ID: 78 @ http://localhost:3000/_next/static/chunks/0cco_next_dist_0uq~hyz._.js:2477
[ 1033531ms] [LOG] Parsing server packet with ID: 9 @ http://localhost:3000/_next/static/chunks/0cco_next_dist_0uq~hyz._.js:2477
[ 1033803ms] [LOG] Parsing server packet with ID: 78 @ http://localhost:3000/_next/static/chunks/0cco_next_dist_0uq~hyz._.js:2477
[ 1042095ms] [LOG] Parsing server packet with ID: 78 @ http://localhost:3000/_next/static/chunks/0cco_next_dist_0uq~hyz._.js:2477
[ 1043531ms] [LOG] Parsing server packet with ID: 9 @ http://localhost:3000/_next/static/chunks/0cco_next_dist_0uq~hyz._.js:2477
[ 1050516ms] [LOG] Parsing server packet with ID: 78 @ http://localhost:3000/_next/static/chunks/0cco_next_dist_0uq~hyz._.js:2477
[ 1053531ms] [LOG] Parsing server packet with ID: 9 @ http://localhost:3000/_next/static/chunks/0cco_next_dist_0uq~hyz._.js:2477
[ 1058891ms] [LOG] Parsing server packet with ID: 78 @ http://localhost:3000/_next/static/chunks/0cco_next_dist_0uq~hyz._.js:2477
[ 1063531ms] [LOG] Parsing server packet with ID: 9 @ http://localhost:3000/_next/static/chunks/0cco_next_dist_0uq~hyz._.js:2477
[ 1066934ms] [LOG] Parsing server packet with ID: 78 @ http://localhost:3000/_next/static/chunks/0cco_next_dist_0uq~hyz._.js:2477
[ 1073530ms] [LOG] Parsing server packet with ID: 9 @ http://localhost:3000/_next/static/chunks/0cco_next_dist_0uq~hyz._.js:2477
[ 1075376ms] [LOG] Parsing server packet with ID: 78 @ http://localhost:3000/_next/static/chunks/0cco_next_dist_0uq~hyz._.js:2477
[ 1083527ms] [LOG] Parsing server packet with ID: 9 @ http://localhost:3000/_next/static/chunks/0cco_next_dist_0uq~hyz._.js:2477
[ 1093528ms] [LOG] Parsing server packet with ID: 9 @ http://localhost:3000/_next/static/chunks/0cco_next_dist_0uq~hyz._.js:2477
[ 1103528ms] [LOG] Parsing server packet with ID: 9 @ http://localhost:3000/_next/static/chunks/0cco_next_dist_0uq~hyz._.js:2477
[ 1113530ms] [LOG] Parsing server packet with ID: 9 @ http://localhost:3000/_next/static/chunks/0cco_next_dist_0uq~hyz._.js:2477
[ 1123539ms] [LOG] Parsing server packet with ID: 9 @ http://localhost:3000/_next/static/chunks/0cco_next_dist_0uq~hyz._.js:2477
[ 1133546ms] [LOG] Parsing server packet with ID: 9 @ http://localhost:3000/_next/static/chunks/0cco_next_dist_0uq~hyz._.js:2477
[ 1143532ms] [LOG] Parsing server packet with ID: 9 @ http://localhost:3000/_next/static/chunks/0cco_next_dist_0uq~hyz._.js:2477
[ 1153540ms] [LOG] Parsing server packet with ID: 9 @ http://localhost:3000/_next/static/chunks/0cco_next_dist_0uq~hyz._.js:2477
[ 1163544ms] [LOG] Parsing server packet with ID: 9 @ http://localhost:3000/_next/static/chunks/0cco_next_dist_0uq~hyz._.js:2477
[ 1173526ms] [LOG] Parsing server packet with ID: 9 @ http://localhost:3000/_next/static/chunks/0cco_next_dist_0uq~hyz._.js:2477
[ 1183537ms] [LOG] Parsing server packet with ID: 9 @ http://localhost:3000/_next/static/chunks/0cco_next_dist_0uq~hyz._.js:2477
[ 1193539ms] [LOG] Parsing server packet with ID: 9 @ http://localhost:3000/_next/static/chunks/0cco_next_dist_0uq~hyz._.js:2477
[ 1203531ms] [LOG] Parsing server packet with ID: 9 @ http://localhost:3000/_next/static/chunks/0cco_next_dist_0uq~hyz._.js:2477
[ 1213536ms] [LOG] Parsing server packet with ID: 9 @ http://localhost:3000/_next/static/chunks/0cco_next_dist_0uq~hyz._.js:2477
[ 1223525ms] [LOG] Parsing server packet with ID: 9 @ http://localhost:3000/_next/static/chunks/0cco_next_dist_0uq~hyz._.js:2477
[ 1233533ms] [LOG] Parsing server packet with ID: 9 @ http://localhost:3000/_next/static/chunks/0cco_next_dist_0uq~hyz._.js:2477
[ 1243535ms] [LOG] Parsing server packet with ID: 9 @ http://localhost:3000/_next/static/chunks/0cco_next_dist_0uq~hyz._.js:2477
[ 1247588ms] [LOG] Parsing server packet with ID: 8 @ http://localhost:3000/_next/static/chunks/0cco_next_dist_0uq~hyz._.js:2477
[ 1247588ms] [LOG] Parsing server packet with ID: 43 @ http://localhost:3000/_next/static/chunks/0cco_next_dist_0uq~hyz._.js:2477
