[     116ms] [INFO] %cDownload the React DevTools for a better development experience: https://react.dev/link/react-devtools font-weight:bold @ http://localhost:3000/_next/static/chunks/0cco_next_dist_0uq~hyz._.js:2477
[     134ms] [LOG] [HMR] connected @ http://localhost:3000/_next/static/chunks/0cco_next_dist_0uq~hyz._.js:2477
[     234ms] [INFO] Banner not shown: beforeinstallpromptevent.preventDefault() called. The page must call beforeinstallpromptevent.prompt() to show the banner. @ http://localhost:3000/play:0
[     445ms] [LOG] Loading resources... @ http://localhost:3000/_next/static/chunks/0cco_next_dist_0uq~hyz._.js:2477
[     897ms] [LOG] Parsing server packet with ID: 9 @ http://localhost:3000/_next/static/chunks/0cco_next_dist_0uq~hyz._.js:2477
[    1001ms] [LOG] Parsing server packet with ID: 1 @ http://localhost:3000/_next/static/chunks/0cco_next_dist_0uq~hyz._.js:2477
[    1001ms] [LOG] Parsing server packet with ID: 85 @ http://localhost:3000/_next/static/chunks/0cco_next_dist_0uq~hyz._.js:2477
[    1002ms] [LOG] Parsing server packet with ID: 8 @ http://localhost:3000/_next/static/chunks/0cco_next_dist_0uq~hyz._.js:2477
[    1002ms] [LOG] Parsing server packet with ID: 8 @ http://localhost:3000/_next/static/chunks/0cco_next_dist_0uq~hyz._.js:2477
[    1002ms] [LOG] Parsing server packet with ID: 8 @ http://localhost:3000/_next/static/chunks/0cco_next_dist_0uq~hyz._.js:2477
[    1002ms] [LOG] Parsing server packet with ID: 83 @ http://localhost:3000/_next/static/chunks/0cco_next_dist_0uq~hyz._.js:2477
[    1002ms] [LOG] Parsing server packet with ID: 84 @ http://localhost:3000/_next/static/chunks/0cco_next_dist_0uq~hyz._.js:2477
[    1002ms] [LOG] Parsing server packet with ID: 8 @ http://localhost:3000/_next/static/chunks/0cco_next_dist_0uq~hyz._.js:2477
[    1002ms] [LOG] Parsing server packet with ID: 8 @ http://localhost:3000/_next/static/chunks/0cco_next_dist_0uq~hyz._.js:2477
[    1002ms] [LOG] Parsing server packet with ID: 8 @ http://localhost:3000/_next/static/chunks/0cco_next_dist_0uq~hyz._.js:2477
[    1002ms] [LOG] Parsing server packet with ID: 75 @ http://localhost:3000/_next/static/chunks/0cco_next_dist_0uq~hyz._.js:2477
[    1003ms] [LOG] Parsing server packet with ID: 72 @ http://localhost:3000/_next/static/chunks/0cco_next_dist_0uq~hyz._.js:2477
[    1003ms] [LOG] Parsing server packet with ID: 73 @ http://localhost:3000/_next/static/chunks/0cco_next_dist_0uq~hyz._.js:2477
[    1003ms] [LOG] Parsing server packet with ID: 74 @ http://localhost:3000/_next/static/chunks/0cco_next_dist_0uq~hyz._.js:2477
[    1143ms] [LOG] Parsing server packet with ID: 19 @ http://localhost:3000/_next/static/chunks/0cco_next_dist_0uq~hyz._.js:2477
[    1143ms] [LOG] Parsing server packet with ID: 49 @ http://localhost:3000/_next/static/chunks/0cco_next_dist_0uq~hyz._.js:2477
[    1145ms] [LOG] Parsing server packet with ID: 78 @ http://localhost:3000/_next/static/chunks/0cco_next_dist_0uq~hyz._.js:2477
[    2081ms] [LOG] Parsing server packet with ID: 8 @ http://localhost:3000/_next/static/chunks/0cco_next_dist_0uq~hyz._.js:2477
[    2081ms] [LOG] Parsing server packet with ID: 8 @ http://localhost:3000/_next/static/chunks/0cco_next_dist_0uq~hyz._.js:2477
[    2081ms] [LOG] Parsing server packet with ID: 8 @ http://localhost:3000/_next/static/chunks/0cco_next_dist_0uq~hyz._.js:2477
[    2081ms] [LOG] Parsing server packet with ID: 8 @ http://localhost:3000/_next/static/chunks/0cco_next_dist_0uq~hyz._.js:2477
[    2081ms] [LOG] Parsing server packet with ID: 8 @ http://localhost:3000/_next/static/chunks/0cco_next_dist_0uq~hyz._.js:2477
[    2082ms] [LOG] Parsing server packet with ID: 8 @ http://localhost:3000/_next/static/chunks/0cco_next_dist_0uq~hyz._.js:2477
[    2082ms] [LOG] Parsing server packet with ID: 8 @ http://localhost:3000/_next/static/chunks/0cco_next_dist_0uq~hyz._.js:2477
[    2082ms] [LOG] Parsing server packet with ID: 8 @ http://localhost:3000/_next/static/chunks/0cco_next_dist_0uq~hyz._.js:2477
[    2082ms] [LOG] Parsing server packet with ID: 8 @ http://localhost:3000/_next/static/chunks/0cco_next_dist_0uq~hyz._.js:2477
[    2082ms] [LOG] Parsing server packet with ID: 8 @ http://localhost:3000/_next/static/chunks/0cco_next_dist_0uq~hyz._.js:2477
[    2082ms] [LOG] Parsing server packet with ID: 8 @ http://localhost:3000/_next/static/chunks/0cco_next_dist_0uq~hyz._.js:2477
[    2082ms] [LOG] Parsing server packet with ID: 8 @ http://localhost:3000/_next/static/chunks/0cco_next_dist_0uq~hyz._.js:2477
[    2082ms] [LOG] Parsing server packet with ID: 87 @ http://localhost:3000/_next/static/chunks/0cco_next_dist_0uq~hyz._.js:2477
[    9240ms] [LOG] Parsing server packet with ID: 78 @ http://localhost:3000/_next/static/chunks/0cco_next_dist_0uq~hyz._.js:2477
[   10907ms] [LOG] Parsing server packet with ID: 9 @ http://localhost:3000/_next/static/chunks/0cco_next_dist_0uq~hyz._.js:2477
[   17454ms] [LOG] Parsing server packet with ID: 78 @ http://localhost:3000/_next/static/chunks/0cco_next_dist_0uq~hyz._.js:2477
[   20906ms] [LOG] Parsing server packet with ID: 9 @ http://localhost:3000/_next/static/chunks/0cco_next_dist_0uq~hyz._.js:2477
[   25671ms] [LOG] Parsing server packet with ID: 78 @ http://localhost:3000/_next/static/chunks/0cco_next_dist_0uq~hyz._.js:2477
[   30900ms] [LOG] Parsing server packet with ID: 9 @ http://localhost:3000/_next/static/chunks/0cco_next_dist_0uq~hyz._.js:2477
[   33885ms] [LOG] Parsing server packet with ID: 78 @ http://localhost:3000/_next/static/chunks/0cco_next_dist_0uq~hyz._.js:2477
[   40895ms] [LOG] Parsing server packet with ID: 9 @ http://localhost:3000/_next/static/chunks/0cco_next_dist_0uq~hyz._.js:2477
[   42072ms] [LOG] Parsing server packet with ID: 78 @ http://localhost:3000/_next/static/chunks/0cco_next_dist_0uq~hyz._.js:2477
[   50174ms] [LOG] Parsing server packet with ID: 78 @ http://localhost:3000/_next/static/chunks/0cco_next_dist_0uq~hyz._.js:2477
[   50896ms] [LOG] Parsing server packet with ID: 9 @ http://localhost:3000/_next/static/chunks/0cco_next_dist_0uq~hyz._.js:2477
[   51897ms] [INFO] %cDownload the React DevTools for a better development experience: https://react.dev/link/react-devtools font-weight:bold @ http://localhost:3000/_next/static/chunks/0cco_next_dist_0uq~hyz._.js:2477
[   51909ms] [LOG] [HMR] connected @ http://localhost:3000/_next/static/chunks/0cco_next_dist_0uq~hyz._.js:2477
[   52020ms] [INFO] Banner not shown: beforeinstallpromptevent.preventDefault() called. The page must call beforeinstallpromptevent.prompt() to show the banner. @ http://localhost:3000/play:0
[   52225ms] [LOG] Loading resources... @ http://localhost:3000/_next/static/chunks/0cco_next_dist_0uq~hyz._.js:2477
[   52608ms] [LOG] Parsing server packet with ID: 9 @ http://localhost:3000/_next/static/chunks/0cco_next_dist_0uq~hyz._.js:2477
[   52704ms] [LOG] Parsing server packet with ID: 1 @ http://localhost:3000/_next/static/chunks/0cco_next_dist_0uq~hyz._.js:2477
[   52705ms] [LOG] Parsing server packet with ID: 85 @ http://localhost:3000/_next/static/chunks/0cco_next_dist_0uq~hyz._.js:2477
[   52705ms] [LOG] Parsing server packet with ID: 8 @ http://localhost:3000/_next/static/chunks/0cco_next_dist_0uq~hyz._.js:2477
[   52705ms] [LOG] Parsing server packet with ID: 8 @ http://localhost:3000/_next/static/chunks/0cco_next_dist_0uq~hyz._.js:2477
[   52705ms] [LOG] Parsing server packet with ID: 8 @ http://localhost:3000/_next/static/chunks/0cco_next_dist_0uq~hyz._.js:2477
[   52705ms] [LOG] Parsing server packet with ID: 83 @ http://localhost:3000/_next/static/chunks/0cco_next_dist_0uq~hyz._.js:2477
[   52705ms] [LOG] Parsing server packet with ID: 84 @ http://localhost:3000/_next/static/chunks/0cco_next_dist_0uq~hyz._.js:2477
[   52705ms] [LOG] Parsing server packet with ID: 8 @ http://localhost:3000/_next/static/chunks/0cco_next_dist_0uq~hyz._.js:2477
[   52705ms] [LOG] Parsing server packet with ID: 8 @ http://localhost:3000/_next/static/chunks/0cco_next_dist_0uq~hyz._.js:2477
[   52706ms] [LOG] Parsing server packet with ID: 8 @ http://localhost:3000/_next/static/chunks/0cco_next_dist_0uq~hyz._.js:2477
[   52706ms] [LOG] Parsing server packet with ID: 75 @ http://localhost:3000/_next/static/chunks/0cco_next_dist_0uq~hyz._.js:2477
[   52706ms] [LOG] Parsing server packet with ID: 72 @ http://localhost:3000/_next/static/chunks/0cco_next_dist_0uq~hyz._.js:2477
[   52706ms] [LOG] Parsing server packet with ID: 73 @ http://localhost:3000/_next/static/chunks/0cco_next_dist_0uq~hyz._.js:2477
[   52706ms] [LOG] Parsing server packet with ID: 74 @ http://localhost:3000/_next/static/chunks/0cco_next_dist_0uq~hyz._.js:2477
[   52816ms] [LOG] Parsing server packet with ID: 19 @ http://localhost:3000/_next/static/chunks/0cco_next_dist_0uq~hyz._.js:2477
[   52816ms] [LOG] Parsing server packet with ID: 49 @ http://localhost:3000/_next/static/chunks/0cco_next_dist_0uq~hyz._.js:2477
[   52846ms] [WARNING] The AudioContext was not allowed to start. It must be resumed (or created) after a user gesture on the page. https://developer.chrome.com/blog/autoplay/#web_audio @ http://localhost:3000/_next/static/chunks/node_modules__pnpm_0j3-bqo._.js:3161
[   52884ms] [LOG] Parsing server packet with ID: 78 @ http://localhost:3000/_next/static/chunks/0cco_next_dist_0uq~hyz._.js:2477
[   56463ms] [LOG] Parsing server packet with ID: 8 @ http://localhost:3000/_next/static/chunks/0cco_next_dist_0uq~hyz._.js:2477
[   56463ms] [LOG] Parsing server packet with ID: 8 @ http://localhost:3000/_next/static/chunks/0cco_next_dist_0uq~hyz._.js:2477
[   56463ms] [LOG] Parsing server packet with ID: 8 @ http://localhost:3000/_next/static/chunks/0cco_next_dist_0uq~hyz._.js:2477
[   56463ms] [LOG] Parsing server packet with ID: 8 @ http://localhost:3000/_next/static/chunks/0cco_next_dist_0uq~hyz._.js:2477
[   56463ms] [LOG] Parsing server packet with ID: 8 @ http://localhost:3000/_next/static/chunks/0cco_next_dist_0uq~hyz._.js:2477
[   56463ms] [LOG] Parsing server packet with ID: 8 @ http://localhost:3000/_next/static/chunks/0cco_next_dist_0uq~hyz._.js:2477
[   56463ms] [LOG] Parsing server packet with ID: 8 @ http://localhost:3000/_next/static/chunks/0cco_next_dist_0uq~hyz._.js:2477
[   56463ms] [LOG] Parsing server packet with ID: 8 @ http://localhost:3000/_next/static/chunks/0cco_next_dist_0uq~hyz._.js:2477
[   56463ms] [LOG] Parsing server packet with ID: 8 @ http://localhost:3000/_next/static/chunks/0cco_next_dist_0uq~hyz._.js:2477
[   56463ms] [LOG] Parsing server packet with ID: 8 @ http://localhost:3000/_next/static/chunks/0cco_next_dist_0uq~hyz._.js:2477
[   56463ms] [LOG] Parsing server packet with ID: 8 @ http://localhost:3000/_next/static/chunks/0cco_next_dist_0uq~hyz._.js:2477
[   56463ms] [LOG] Parsing server packet with ID: 8 @ http://localhost:3000/_next/static/chunks/0cco_next_dist_0uq~hyz._.js:2477
[   56464ms] [LOG] Parsing server packet with ID: 87 @ http://localhost:3000/_next/static/chunks/0cco_next_dist_0uq~hyz._.js:2477
[   60929ms] [LOG] Parsing server packet with ID: 78 @ http://localhost:3000/_next/static/chunks/0cco_next_dist_0uq~hyz._.js:2477
[   62607ms] [LOG] Parsing server packet with ID: 9 @ http://localhost:3000/_next/static/chunks/0cco_next_dist_0uq~hyz._.js:2477
[   67016ms] [LOG] Parsing server packet with ID: 8 @ http://localhost:3000/_next/static/chunks/0cco_next_dist_0uq~hyz._.js:2477
[   67016ms] [LOG] Parsing server packet with ID: 87 @ http://localhost:3000/_next/static/chunks/0cco_next_dist_0uq~hyz._.js:2477
[   69155ms] [LOG] Parsing server packet with ID: 78 @ http://localhost:3000/_next/static/chunks/0cco_next_dist_0uq~hyz._.js:2477
[   70714ms] [LOG] Parsing server packet with ID: 45 @ http://localhost:3000/_next/static/chunks/0cco_next_dist_0uq~hyz._.js:2477
[   72607ms] [LOG] Parsing server packet with ID: 9 @ http://localhost:3000/_next/static/chunks/0cco_next_dist_0uq~hyz._.js:2477
[   77200ms] [LOG] Parsing server packet with ID: 78 @ http://localhost:3000/_next/static/chunks/0cco_next_dist_0uq~hyz._.js:2477
[   82626ms] [LOG] Parsing server packet with ID: 9 @ http://localhost:3000/_next/static/chunks/0cco_next_dist_0uq~hyz._.js:2477
[   85307ms] [LOG] Parsing server packet with ID: 78 @ http://localhost:3000/_next/static/chunks/0cco_next_dist_0uq~hyz._.js:2477
[   92606ms] [LOG] Parsing server packet with ID: 9 @ http://localhost:3000/_next/static/chunks/0cco_next_dist_0uq~hyz._.js:2477
[   93478ms] [LOG] Parsing server packet with ID: 78 @ http://localhost:3000/_next/static/chunks/0cco_next_dist_0uq~hyz._.js:2477
[  101507ms] [LOG] Parsing server packet with ID: 78 @ http://localhost:3000/_next/static/chunks/0cco_next_dist_0uq~hyz._.js:2477
[  102623ms] [LOG] Parsing server packet with ID: 9 @ http://localhost:3000/_next/static/chunks/0cco_next_dist_0uq~hyz._.js:2477
[  109793ms] [LOG] Parsing server packet with ID: 78 @ http://localhost:3000/_next/static/chunks/0cco_next_dist_0uq~hyz._.js:2477
[  112607ms] [LOG] Parsing server packet with ID: 9 @ http://localhost:3000/_next/static/chunks/0cco_next_dist_0uq~hyz._.js:2477
[  117954ms] [LOG] Parsing server packet with ID: 78 @ http://localhost:3000/_next/static/chunks/0cco_next_dist_0uq~hyz._.js:2477
[  122617ms] [LOG] Parsing server packet with ID: 9 @ http://localhost:3000/_next/static/chunks/0cco_next_dist_0uq~hyz._.js:2477
[  126011ms] [LOG] Parsing server packet with ID: 78 @ http://localhost:3000/_next/static/chunks/0cco_next_dist_0uq~hyz._.js:2477
[  132627ms] [LOG] Parsing server packet with ID: 9 @ http://localhost:3000/_next/static/chunks/0cco_next_dist_0uq~hyz._.js:2477
[  134500ms] [LOG] Parsing server packet with ID: 78 @ http://localhost:3000/_next/static/chunks/0cco_next_dist_0uq~hyz._.js:2477
[  142551ms] [LOG] Parsing server packet with ID: 78 @ http://localhost:3000/_next/static/chunks/0cco_next_dist_0uq~hyz._.js:2477
[  142613ms] [LOG] Parsing server packet with ID: 9 @ http://localhost:3000/_next/static/chunks/0cco_next_dist_0uq~hyz._.js:2477
[  150602ms] [LOG] Parsing server packet with ID: 78 @ http://localhost:3000/_next/static/chunks/0cco_next_dist_0uq~hyz._.js:2477
[  152618ms] [LOG] Parsing server packet with ID: 9 @ http://localhost:3000/_next/static/chunks/0cco_next_dist_0uq~hyz._.js:2477
[  159149ms] [LOG] Parsing server packet with ID: 78 @ http://localhost:3000/_next/static/chunks/0cco_next_dist_0uq~hyz._.js:2477
[  162622ms] [LOG] Parsing server packet with ID: 9 @ http://localhost:3000/_next/static/chunks/0cco_next_dist_0uq~hyz._.js:2477
[  167311ms] [LOG] Parsing server packet with ID: 78 @ http://localhost:3000/_next/static/chunks/0cco_next_dist_0uq~hyz._.js:2477
[  172611ms] [LOG] Parsing server packet with ID: 9 @ http://localhost:3000/_next/static/chunks/0cco_next_dist_0uq~hyz._.js:2477
[  175758ms] [LOG] Parsing server packet with ID: 78 @ http://localhost:3000/_next/static/chunks/0cco_next_dist_0uq~hyz._.js:2477
[  182614ms] [LOG] Parsing server packet with ID: 9 @ http://localhost:3000/_next/static/chunks/0cco_next_dist_0uq~hyz._.js:2477
[  183911ms] [LOG] Parsing server packet with ID: 78 @ http://localhost:3000/_next/static/chunks/0cco_next_dist_0uq~hyz._.js:2477
[  192191ms] [LOG] Parsing server packet with ID: 78 @ http://localhost:3000/_next/static/chunks/0cco_next_dist_0uq~hyz._.js:2477
[  192623ms] [LOG] Parsing server packet with ID: 9 @ http://localhost:3000/_next/static/chunks/0cco_next_dist_0uq~hyz._.js:2477
[  200303ms] [LOG] Parsing server packet with ID: 78 @ http://localhost:3000/_next/static/chunks/0cco_next_dist_0uq~hyz._.js:2477
[  202617ms] [LOG] Parsing server packet with ID: 9 @ http://localhost:3000/_next/static/chunks/0cco_next_dist_0uq~hyz._.js:2477
[  208344ms] [LOG] Parsing server packet with ID: 78 @ http://localhost:3000/_next/static/chunks/0cco_next_dist_0uq~hyz._.js:2477
[  212618ms] [LOG] Parsing server packet with ID: 9 @ http://localhost:3000/_next/static/chunks/0cco_next_dist_0uq~hyz._.js:2477
[  216393ms] [LOG] Parsing server packet with ID: 78 @ http://localhost:3000/_next/static/chunks/0cco_next_dist_0uq~hyz._.js:2477
[  222622ms] [LOG] Parsing server packet with ID: 9 @ http://localhost:3000/_next/static/chunks/0cco_next_dist_0uq~hyz._.js:2477
[  224429ms] [LOG] Parsing server packet with ID: 78 @ http://localhost:3000/_next/static/chunks/0cco_next_dist_0uq~hyz._.js:2477
[  232622ms] [LOG] Parsing server packet with ID: 9 @ http://localhost:3000/_next/static/chunks/0cco_next_dist_0uq~hyz._.js:2477
[  232643ms] [LOG] Parsing server packet with ID: 78 @ http://localhost:3000/_next/static/chunks/0cco_next_dist_0uq~hyz._.js:2477
[  240925ms] [LOG] Parsing server packet with ID: 78 @ http://localhost:3000/_next/static/chunks/0cco_next_dist_0uq~hyz._.js:2477
[  242618ms] [LOG] Parsing server packet with ID: 9 @ http://localhost:3000/_next/static/chunks/0cco_next_dist_0uq~hyz._.js:2477
[  248963ms] [LOG] Parsing server packet with ID: 78 @ http://localhost:3000/_next/static/chunks/0cco_next_dist_0uq~hyz._.js:2477
[  252623ms] [LOG] Parsing server packet with ID: 9 @ http://localhost:3000/_next/static/chunks/0cco_next_dist_0uq~hyz._.js:2477
[  257511ms] [LOG] Parsing server packet with ID: 78 @ http://localhost:3000/_next/static/chunks/0cco_next_dist_0uq~hyz._.js:2477
[  262622ms] [LOG] Parsing server packet with ID: 9 @ http://localhost:3000/_next/static/chunks/0cco_next_dist_0uq~hyz._.js:2477
[  265611ms] [LOG] Parsing server packet with ID: 78 @ http://localhost:3000/_next/static/chunks/0cco_next_dist_0uq~hyz._.js:2477
[  272618ms] [LOG] Parsing server packet with ID: 9 @ http://localhost:3000/_next/static/chunks/0cco_next_dist_0uq~hyz._.js:2477
[  274156ms] [LOG] Parsing server packet with ID: 78 @ http://localhost:3000/_next/static/chunks/0cco_next_dist_0uq~hyz._.js:2477
[  282611ms] [LOG] Parsing server packet with ID: 9 @ http://localhost:3000/_next/static/chunks/0cco_next_dist_0uq~hyz._.js:2477
[  282709ms] [LOG] Parsing server packet with ID: 78 @ http://localhost:3000/_next/static/chunks/0cco_next_dist_0uq~hyz._.js:2477
[  290871ms] [LOG] Parsing server packet with ID: 78 @ http://localhost:3000/_next/static/chunks/0cco_next_dist_0uq~hyz._.js:2477
[  292621ms] [LOG] Parsing server packet with ID: 9 @ http://localhost:3000/_next/static/chunks/0cco_next_dist_0uq~hyz._.js:2477
[  298930ms] [LOG] Parsing server packet with ID: 78 @ http://localhost:3000/_next/static/chunks/0cco_next_dist_0uq~hyz._.js:2477
[  302618ms] [LOG] Parsing server packet with ID: 9 @ http://localhost:3000/_next/static/chunks/0cco_next_dist_0uq~hyz._.js:2477
[  307040ms] [LOG] Parsing server packet with ID: 78 @ http://localhost:3000/_next/static/chunks/0cco_next_dist_0uq~hyz._.js:2477
[  312618ms] [LOG] Parsing server packet with ID: 9 @ http://localhost:3000/_next/static/chunks/0cco_next_dist_0uq~hyz._.js:2477
[  315276ms] [LOG] Parsing server packet with ID: 78 @ http://localhost:3000/_next/static/chunks/0cco_next_dist_0uq~hyz._.js:2477
[  322479ms] [LOG] Parsing server packet with ID: 8 @ http://localhost:3000/_next/static/chunks/0cco_next_dist_0uq~hyz._.js:2477
[  322479ms] [LOG] Parsing server packet with ID: 8 @ http://localhost:3000/_next/static/chunks/0cco_next_dist_0uq~hyz._.js:2477
[  322479ms] [LOG] Parsing server packet with ID: 8 @ http://localhost:3000/_next/static/chunks/0cco_next_dist_0uq~hyz._.js:2477
[  322480ms] [LOG] Parsing server packet with ID: 8 @ http://localhost:3000/_next/static/chunks/0cco_next_dist_0uq~hyz._.js:2477
[  322480ms] [LOG] Parsing server packet with ID: 8 @ http://localhost:3000/_next/static/chunks/0cco_next_dist_0uq~hyz._.js:2477
[  322480ms] [LOG] Parsing server packet with ID: 8 @ http://localhost:3000/_next/static/chunks/0cco_next_dist_0uq~hyz._.js:2477
[  322480ms] [LOG] Parsing server packet with ID: 8 @ http://localhost:3000/_next/static/chunks/0cco_next_dist_0uq~hyz._.js:2477
[  322480ms] [LOG] Parsing server packet with ID: 8 @ http://localhost:3000/_next/static/chunks/0cco_next_dist_0uq~hyz._.js:2477
[  322480ms] [LOG] Parsing server packet with ID: 8 @ http://localhost:3000/_next/static/chunks/0cco_next_dist_0uq~hyz._.js:2477
[  322480ms] [LOG] Parsing server packet with ID: 8 @ http://localhost:3000/_next/static/chunks/0cco_next_dist_0uq~hyz._.js:2477
[  322480ms] [LOG] Parsing server packet with ID: 8 @ http://localhost:3000/_next/static/chunks/0cco_next_dist_0uq~hyz._.js:2477
[  322480ms] [LOG] Parsing server packet with ID: 8 @ http://localhost:3000/_next/static/chunks/0cco_next_dist_0uq~hyz._.js:2477
[  322480ms] [LOG] Parsing server packet with ID: 87 @ http://localhost:3000/_next/static/chunks/0cco_next_dist_0uq~hyz._.js:2477
[  322617ms] [LOG] Parsing server packet with ID: 9 @ http://localhost:3000/_next/static/chunks/0cco_next_dist_0uq~hyz._.js:2477
[  323328ms] [LOG] Parsing server packet with ID: 78 @ http://localhost:3000/_next/static/chunks/0cco_next_dist_0uq~hyz._.js:2477
[  331429ms] [LOG] Parsing server packet with ID: 78 @ http://localhost:3000/_next/static/chunks/0cco_next_dist_0uq~hyz._.js:2477
[  332622ms] [LOG] Parsing server packet with ID: 9 @ http://localhost:3000/_next/static/chunks/0cco_next_dist_0uq~hyz._.js:2477
[  335730ms] [LOG] Parsing server packet with ID: 21 @ http://localhost:3000/_next/static/chunks/0cco_next_dist_0uq~hyz._.js:2477
[  335929ms] [LOG] Parsing server packet with ID: 21 @ http://localhost:3000/_next/static/chunks/0cco_next_dist_0uq~hyz._.js:2477
[  336111ms] [LOG] Parsing server packet with ID: 21 @ http://localhost:3000/_next/static/chunks/0cco_next_dist_0uq~hyz._.js:2477
[  336335ms] [LOG] Parsing server packet with ID: 21 @ http://localhost:3000/_next/static/chunks/0cco_next_dist_0uq~hyz._.js:2477
[  337714ms] [LOG] Parsing server packet with ID: 21 @ http://localhost:3000/_next/static/chunks/0cco_next_dist_0uq~hyz._.js:2477
[  338043ms] [LOG] Parsing server packet with ID: 21 @ http://localhost:3000/_next/static/chunks/0cco_next_dist_0uq~hyz._.js:2477
[  338641ms] [LOG] Parsing server packet with ID: 78 @ http://localhost:3000/_next/static/chunks/0cco_next_dist_0uq~hyz._.js:2477
[  338641ms] [LOG] Parsing server packet with ID: 82 @ http://localhost:3000/_next/static/chunks/0cco_next_dist_0uq~hyz._.js:2477
[  338641ms] [LOG] Parsing server packet with ID: 10 @ http://localhost:3000/_next/static/chunks/0cco_next_dist_0uq~hyz._.js:2477
[  338641ms] [LOG] Parsing server packet with ID: 8 @ http://localhost:3000/_next/static/chunks/0cco_next_dist_0uq~hyz._.js:2477
[  338642ms] [LOG] Parsing server packet with ID: 49 @ http://localhost:3000/_next/static/chunks/0cco_next_dist_0uq~hyz._.js:2477
[  338642ms] [LOG] Parsing server packet with ID: 49 @ http://localhost:3000/_next/static/chunks/0cco_next_dist_0uq~hyz._.js:2477
[  338642ms] [LOG] Parsing server packet with ID: 8 @ http://localhost:3000/_next/static/chunks/0cco_next_dist_0uq~hyz._.js:2477
[  338642ms] [LOG] Parsing server packet with ID: 22 @ http://localhost:3000/_next/static/chunks/0cco_next_dist_0uq~hyz._.js:2477
[  338642ms] [LOG] Parsing server packet with ID: 81 @ http://localhost:3000/_next/static/chunks/0cco_next_dist_0uq~hyz._.js:2477
[  338642ms] [LOG] Parsing server packet with ID: 7 @ http://localhost:3000/_next/static/chunks/0cco_next_dist_0uq~hyz._.js:2477
[  338966ms] [LOG] Parsing server packet with ID: 21 @ http://localhost:3000/_next/static/chunks/0cco_next_dist_0uq~hyz._.js:2477
[  339162ms] [LOG] Parsing server packet with ID: 21 @ http://localhost:3000/_next/static/chunks/0cco_next_dist_0uq~hyz._.js:2477
[  339484ms] [LOG] Parsing server packet with ID: 21 @ http://localhost:3000/_next/static/chunks/0cco_next_dist_0uq~hyz._.js:2477
[  339564ms] [LOG] Parsing server packet with ID: 78 @ http://localhost:3000/_next/static/chunks/0cco_next_dist_0uq~hyz._.js:2477
[  340098ms] [LOG] Parsing server packet with ID: 21 @ http://localhost:3000/_next/static/chunks/0cco_next_dist_0uq~hyz._.js:2477
[  340124ms] [LOG] Parsing server packet with ID: 78 @ http://localhost:3000/_next/static/chunks/0cco_next_dist_0uq~hyz._.js:2477
[  340706ms] [LOG] Parsing server packet with ID: 21 @ http://localhost:3000/_next/static/chunks/0cco_next_dist_0uq~hyz._.js:2477
[  341988ms] [LOG] Parsing server packet with ID: 21 @ http://localhost:3000/_next/static/chunks/0cco_next_dist_0uq~hyz._.js:2477
[  342621ms] [LOG] Parsing server packet with ID: 9 @ http://localhost:3000/_next/static/chunks/0cco_next_dist_0uq~hyz._.js:2477
[  342780ms] [LOG] Parsing server packet with ID: 21 @ http://localhost:3000/_next/static/chunks/0cco_next_dist_0uq~hyz._.js:2477
[  342981ms] [LOG] Parsing server packet with ID: 21 @ http://localhost:3000/_next/static/chunks/0cco_next_dist_0uq~hyz._.js:2477
[  343183ms] [LOG] Parsing server packet with ID: 21 @ http://localhost:3000/_next/static/chunks/0cco_next_dist_0uq~hyz._.js:2477
[  343241ms] [LOG] Parsing server packet with ID: 8 @ http://localhost:3000/_next/static/chunks/0cco_next_dist_0uq~hyz._.js:2477
[  343618ms] [LOG] Parsing server packet with ID: 21 @ http://localhost:3000/_next/static/chunks/0cco_next_dist_0uq~hyz._.js:2477
[  348053ms] [LOG] Parsing server packet with ID: 78 @ http://localhost:3000/_next/static/chunks/0cco_next_dist_0uq~hyz._.js:2477
[  352621ms] [LOG] Parsing server packet with ID: 9 @ http://localhost:3000/_next/static/chunks/0cco_next_dist_0uq~hyz._.js:2477
[  356599ms] [LOG] Parsing server packet with ID: 78 @ http://localhost:3000/_next/static/chunks/0cco_next_dist_0uq~hyz._.js:2477
[  362623ms] [LOG] Parsing server packet with ID: 9 @ http://localhost:3000/_next/static/chunks/0cco_next_dist_0uq~hyz._.js:2477
[  364822ms] [LOG] Parsing server packet with ID: 78 @ http://localhost:3000/_next/static/chunks/0cco_next_dist_0uq~hyz._.js:2477
[  372625ms] [LOG] Parsing server packet with ID: 9 @ http://localhost:3000/_next/static/chunks/0cco_next_dist_0uq~hyz._.js:2477
[  372832ms] [LOG] Parsing server packet with ID: 78 @ http://localhost:3000/_next/static/chunks/0cco_next_dist_0uq~hyz._.js:2477
[  380985ms] [LOG] Parsing server packet with ID: 78 @ http://localhost:3000/_next/static/chunks/0cco_next_dist_0uq~hyz._.js:2477
[  382618ms] [LOG] Parsing server packet with ID: 9 @ http://localhost:3000/_next/static/chunks/0cco_next_dist_0uq~hyz._.js:2477
[  389476ms] [LOG] Parsing server packet with ID: 78 @ http://localhost:3000/_next/static/chunks/0cco_next_dist_0uq~hyz._.js:2477
[  392623ms] [LOG] Parsing server packet with ID: 9 @ http://localhost:3000/_next/static/chunks/0cco_next_dist_0uq~hyz._.js:2477
[  394547ms] [LOG] Parsing server packet with ID: 8 @ http://localhost:3000/_next/static/chunks/0cco_next_dist_0uq~hyz._.js:2477
[  394547ms] [LOG] Parsing server packet with ID: 8 @ http://localhost:3000/_next/static/chunks/0cco_next_dist_0uq~hyz._.js:2477
[  394547ms] [LOG] Parsing server packet with ID: 8 @ http://localhost:3000/_next/static/chunks/0cco_next_dist_0uq~hyz._.js:2477
[  394547ms] [LOG] Parsing server packet with ID: 8 @ http://localhost:3000/_next/static/chunks/0cco_next_dist_0uq~hyz._.js:2477
[  394547ms] [LOG] Parsing server packet with ID: 8 @ http://localhost:3000/_next/static/chunks/0cco_next_dist_0uq~hyz._.js:2477
[  394548ms] [LOG] Parsing server packet with ID: 8 @ http://localhost:3000/_next/static/chunks/0cco_next_dist_0uq~hyz._.js:2477
[  394548ms] [LOG] Parsing server packet with ID: 8 @ http://localhost:3000/_next/static/chunks/0cco_next_dist_0uq~hyz._.js:2477
[  394548ms] [LOG] Parsing server packet with ID: 8 @ http://localhost:3000/_next/static/chunks/0cco_next_dist_0uq~hyz._.js:2477
[  394548ms] [LOG] Parsing server packet with ID: 8 @ http://localhost:3000/_next/static/chunks/0cco_next_dist_0uq~hyz._.js:2477
[  394548ms] [LOG] Parsing server packet with ID: 8 @ http://localhost:3000/_next/static/chunks/0cco_next_dist_0uq~hyz._.js:2477
[  394548ms] [LOG] Parsing server packet with ID: 8 @ http://localhost:3000/_next/static/chunks/0cco_next_dist_0uq~hyz._.js:2477
[  394548ms] [LOG] Parsing server packet with ID: 8 @ http://localhost:3000/_next/static/chunks/0cco_next_dist_0uq~hyz._.js:2477
[  394548ms] [LOG] Parsing server packet with ID: 87 @ http://localhost:3000/_next/static/chunks/0cco_next_dist_0uq~hyz._.js:2477
[  397529ms] [LOG] Parsing server packet with ID: 78 @ http://localhost:3000/_next/static/chunks/0cco_next_dist_0uq~hyz._.js:2477
[  402615ms] [LOG] Parsing server packet with ID: 9 @ http://localhost:3000/_next/static/chunks/0cco_next_dist_0uq~hyz._.js:2477
[  405945ms] [LOG] Parsing server packet with ID: 78 @ http://localhost:3000/_next/static/chunks/0cco_next_dist_0uq~hyz._.js:2477
[  412627ms] [LOG] Parsing server packet with ID: 9 @ http://localhost:3000/_next/static/chunks/0cco_next_dist_0uq~hyz._.js:2477
[  414375ms] [LOG] Parsing server packet with ID: 78 @ http://localhost:3000/_next/static/chunks/0cco_next_dist_0uq~hyz._.js:2477
[  422622ms] [LOG] Parsing server packet with ID: 9 @ http://localhost:3000/_next/static/chunks/0cco_next_dist_0uq~hyz._.js:2477
[  422804ms] [LOG] Parsing server packet with ID: 78 @ http://localhost:3000/_next/static/chunks/0cco_next_dist_0uq~hyz._.js:2477
[  430843ms] [LOG] Parsing server packet with ID: 78 @ http://localhost:3000/_next/static/chunks/0cco_next_dist_0uq~hyz._.js:2477
[  432622ms] [LOG] Parsing server packet with ID: 9 @ http://localhost:3000/_next/static/chunks/0cco_next_dist_0uq~hyz._.js:2477
[  439060ms] [LOG] Parsing server packet with ID: 78 @ http://localhost:3000/_next/static/chunks/0cco_next_dist_0uq~hyz._.js:2477
[  442615ms] [LOG] Parsing server packet with ID: 9 @ http://localhost:3000/_next/static/chunks/0cco_next_dist_0uq~hyz._.js:2477
[  447161ms] [LOG] Parsing server packet with ID: 78 @ http://localhost:3000/_next/static/chunks/0cco_next_dist_0uq~hyz._.js:2477
[  452616ms] [LOG] Parsing server packet with ID: 9 @ http://localhost:3000/_next/static/chunks/0cco_next_dist_0uq~hyz._.js:2477
[  455209ms] [LOG] Parsing server packet with ID: 78 @ http://localhost:3000/_next/static/chunks/0cco_next_dist_0uq~hyz._.js:2477
[  462621ms] [LOG] Parsing server packet with ID: 9 @ http://localhost:3000/_next/static/chunks/0cco_next_dist_0uq~hyz._.js:2477
[  463254ms] [LOG] Parsing server packet with ID: 78 @ http://localhost:3000/_next/static/chunks/0cco_next_dist_0uq~hyz._.js:2477
[  471481ms] [LOG] Parsing server packet with ID: 78 @ http://localhost:3000/_next/static/chunks/0cco_next_dist_0uq~hyz._.js:2477
[  472616ms] [LOG] Parsing server packet with ID: 9 @ http://localhost:3000/_next/static/chunks/0cco_next_dist_0uq~hyz._.js:2477
[  479528ms] [LOG] Parsing server packet with ID: 78 @ http://localhost:3000/_next/static/chunks/0cco_next_dist_0uq~hyz._.js:2477
[  482616ms] [LOG] Parsing server packet with ID: 9 @ http://localhost:3000/_next/static/chunks/0cco_next_dist_0uq~hyz._.js:2477
[  488016ms] [LOG] Parsing server packet with ID: 78 @ http://localhost:3000/_next/static/chunks/0cco_next_dist_0uq~hyz._.js:2477
[  492623ms] [LOG] Parsing server packet with ID: 9 @ http://localhost:3000/_next/static/chunks/0cco_next_dist_0uq~hyz._.js:2477
[  496116ms] [LOG] Parsing server packet with ID: 78 @ http://localhost:3000/_next/static/chunks/0cco_next_dist_0uq~hyz._.js:2477
[  502621ms] [LOG] Parsing server packet with ID: 9 @ http://localhost:3000/_next/static/chunks/0cco_next_dist_0uq~hyz._.js:2477
[  504216ms] [LOG] Parsing server packet with ID: 78 @ http://localhost:3000/_next/static/chunks/0cco_next_dist_0uq~hyz._.js:2477
[  512262ms] [LOG] Parsing server packet with ID: 78 @ http://localhost:3000/_next/static/chunks/0cco_next_dist_0uq~hyz._.js:2477
[  512622ms] [LOG] Parsing server packet with ID: 9 @ http://localhost:3000/_next/static/chunks/0cco_next_dist_0uq~hyz._.js:2477
[  520383ms] [LOG] Parsing server packet with ID: 78 @ http://localhost:3000/_next/static/chunks/0cco_next_dist_0uq~hyz._.js:2477
[  522625ms] [LOG] Parsing server packet with ID: 9 @ http://localhost:3000/_next/static/chunks/0cco_next_dist_0uq~hyz._.js:2477
[  528858ms] [LOG] Parsing server packet with ID: 78 @ http://localhost:3000/_next/static/chunks/0cco_next_dist_0uq~hyz._.js:2477
[  532621ms] [LOG] Parsing server packet with ID: 9 @ http://localhost:3000/_next/static/chunks/0cco_next_dist_0uq~hyz._.js:2477
[  537025ms] [LOG] Parsing server packet with ID: 78 @ http://localhost:3000/_next/static/chunks/0cco_next_dist_0uq~hyz._.js:2477
[  542622ms] [LOG] Parsing server packet with ID: 9 @ http://localhost:3000/_next/static/chunks/0cco_next_dist_0uq~hyz._.js:2477
[  545127ms] [LOG] Parsing server packet with ID: 78 @ http://localhost:3000/_next/static/chunks/0cco_next_dist_0uq~hyz._.js:2477
[  552622ms] [LOG] Parsing server packet with ID: 9 @ http://localhost:3000/_next/static/chunks/0cco_next_dist_0uq~hyz._.js:2477
[  553332ms] [LOG] Parsing server packet with ID: 78 @ http://localhost:3000/_next/static/chunks/0cco_next_dist_0uq~hyz._.js:2477
[  561558ms] [LOG] Parsing server packet with ID: 78 @ http://localhost:3000/_next/static/chunks/0cco_next_dist_0uq~hyz._.js:2477
[  562625ms] [LOG] Parsing server packet with ID: 9 @ http://localhost:3000/_next/static/chunks/0cco_next_dist_0uq~hyz._.js:2477
[  570108ms] [LOG] Parsing server packet with ID: 78 @ http://localhost:3000/_next/static/chunks/0cco_next_dist_0uq~hyz._.js:2477
[  572622ms] [LOG] Parsing server packet with ID: 9 @ http://localhost:3000/_next/static/chunks/0cco_next_dist_0uq~hyz._.js:2477
[  578270ms] [LOG] Parsing server packet with ID: 78 @ http://localhost:3000/_next/static/chunks/0cco_next_dist_0uq~hyz._.js:2477
[  582619ms] [LOG] Parsing server packet with ID: 9 @ http://localhost:3000/_next/static/chunks/0cco_next_dist_0uq~hyz._.js:2477
[  586372ms] [LOG] Parsing server packet with ID: 78 @ http://localhost:3000/_next/static/chunks/0cco_next_dist_0uq~hyz._.js:2477
[  592621ms] [LOG] Parsing server packet with ID: 9 @ http://localhost:3000/_next/static/chunks/0cco_next_dist_0uq~hyz._.js:2477
[  594594ms] [LOG] Parsing server packet with ID: 78 @ http://localhost:3000/_next/static/chunks/0cco_next_dist_0uq~hyz._.js:2477
[  602627ms] [LOG] Parsing server packet with ID: 9 @ http://localhost:3000/_next/static/chunks/0cco_next_dist_0uq~hyz._.js:2477
[  602812ms] [LOG] Parsing server packet with ID: 78 @ http://localhost:3000/_next/static/chunks/0cco_next_dist_0uq~hyz._.js:2477
[  611160ms] [LOG] Parsing server packet with ID: 78 @ http://localhost:3000/_next/static/chunks/0cco_next_dist_0uq~hyz._.js:2477
[  612622ms] [LOG] Parsing server packet with ID: 9 @ http://localhost:3000/_next/static/chunks/0cco_next_dist_0uq~hyz._.js:2477
[  619198ms] [LOG] Parsing server packet with ID: 78 @ http://localhost:3000/_next/static/chunks/0cco_next_dist_0uq~hyz._.js:2477
[  622626ms] [LOG] Parsing server packet with ID: 9 @ http://localhost:3000/_next/static/chunks/0cco_next_dist_0uq~hyz._.js:2477
[  627301ms] [LOG] Parsing server packet with ID: 78 @ http://localhost:3000/_next/static/chunks/0cco_next_dist_0uq~hyz._.js:2477
[  632621ms] [LOG] Parsing server packet with ID: 9 @ http://localhost:3000/_next/static/chunks/0cco_next_dist_0uq~hyz._.js:2477
[  635848ms] [LOG] Parsing server packet with ID: 78 @ http://localhost:3000/_next/static/chunks/0cco_next_dist_0uq~hyz._.js:2477
[  642621ms] [LOG] Parsing server packet with ID: 9 @ http://localhost:3000/_next/static/chunks/0cco_next_dist_0uq~hyz._.js:2477
[  644014ms] [LOG] Parsing server packet with ID: 78 @ http://localhost:3000/_next/static/chunks/0cco_next_dist_0uq~hyz._.js:2477
[  652063ms] [LOG] Parsing server packet with ID: 78 @ http://localhost:3000/_next/static/chunks/0cco_next_dist_0uq~hyz._.js:2477
[  652623ms] [LOG] Parsing server packet with ID: 9 @ http://localhost:3000/_next/static/chunks/0cco_next_dist_0uq~hyz._.js:2477
[  660112ms] [LOG] Parsing server packet with ID: 78 @ http://localhost:3000/_next/static/chunks/0cco_next_dist_0uq~hyz._.js:2477
[  662622ms] [LOG] Parsing server packet with ID: 9 @ http://localhost:3000/_next/static/chunks/0cco_next_dist_0uq~hyz._.js:2477
[  668156ms] [LOG] Parsing server packet with ID: 78 @ http://localhost:3000/_next/static/chunks/0cco_next_dist_0uq~hyz._.js:2477
[  672621ms] [LOG] Parsing server packet with ID: 9 @ http://localhost:3000/_next/static/chunks/0cco_next_dist_0uq~hyz._.js:2477
[  676320ms] [LOG] Parsing server packet with ID: 78 @ http://localhost:3000/_next/static/chunks/0cco_next_dist_0uq~hyz._.js:2477
[  682621ms] [LOG] Parsing server packet with ID: 9 @ http://localhost:3000/_next/static/chunks/0cco_next_dist_0uq~hyz._.js:2477
[  684477ms] [LOG] Parsing server packet with ID: 78 @ http://localhost:3000/_next/static/chunks/0cco_next_dist_0uq~hyz._.js:2477
[  692587ms] [LOG] Parsing server packet with ID: 78 @ http://localhost:3000/_next/static/chunks/0cco_next_dist_0uq~hyz._.js:2477
[  692629ms] [LOG] Parsing server packet with ID: 9 @ http://localhost:3000/_next/static/chunks/0cco_next_dist_0uq~hyz._.js:2477
[  700632ms] [LOG] Parsing server packet with ID: 78 @ http://localhost:3000/_next/static/chunks/0cco_next_dist_0uq~hyz._.js:2477
[  702626ms] [LOG] Parsing server packet with ID: 9 @ http://localhost:3000/_next/static/chunks/0cco_next_dist_0uq~hyz._.js:2477
[  708860ms] [LOG] Parsing server packet with ID: 78 @ http://localhost:3000/_next/static/chunks/0cco_next_dist_0uq~hyz._.js:2477
[  712623ms] [LOG] Parsing server packet with ID: 9 @ http://localhost:3000/_next/static/chunks/0cco_next_dist_0uq~hyz._.js:2477
[  716899ms] [LOG] Parsing server packet with ID: 78 @ http://localhost:3000/_next/static/chunks/0cco_next_dist_0uq~hyz._.js:2477
[  722642ms] [LOG] Parsing server packet with ID: 9 @ http://localhost:3000/_next/static/chunks/0cco_next_dist_0uq~hyz._.js:2477
[  724944ms] [LOG] Parsing server packet with ID: 78 @ http://localhost:3000/_next/static/chunks/0cco_next_dist_0uq~hyz._.js:2477
[  732626ms] [LOG] Parsing server packet with ID: 9 @ http://localhost:3000/_next/static/chunks/0cco_next_dist_0uq~hyz._.js:2477
[  733056ms] [LOG] Parsing server packet with ID: 78 @ http://localhost:3000/_next/static/chunks/0cco_next_dist_0uq~hyz._.js:2477
[  741290ms] [LOG] Parsing server packet with ID: 78 @ http://localhost:3000/_next/static/chunks/0cco_next_dist_0uq~hyz._.js:2477
[  742631ms] [LOG] Parsing server packet with ID: 9 @ http://localhost:3000/_next/static/chunks/0cco_next_dist_0uq~hyz._.js:2477
[  749833ms] [LOG] Parsing server packet with ID: 78 @ http://localhost:3000/_next/static/chunks/0cco_next_dist_0uq~hyz._.js:2477
[  752642ms] [LOG] Parsing server packet with ID: 9 @ http://localhost:3000/_next/static/chunks/0cco_next_dist_0uq~hyz._.js:2477
[  757947ms] [LOG] Parsing server packet with ID: 78 @ http://localhost:3000/_next/static/chunks/0cco_next_dist_0uq~hyz._.js:2477
[  762629ms] [LOG] Parsing server packet with ID: 9 @ http://localhost:3000/_next/static/chunks/0cco_next_dist_0uq~hyz._.js:2477
[  766003ms] [LOG] Parsing server packet with ID: 78 @ http://localhost:3000/_next/static/chunks/0cco_next_dist_0uq~hyz._.js:2477
[  772633ms] [LOG] Parsing server packet with ID: 9 @ http://localhost:3000/_next/static/chunks/0cco_next_dist_0uq~hyz._.js:2477
[  774383ms] [LOG] Parsing server packet with ID: 78 @ http://localhost:3000/_next/static/chunks/0cco_next_dist_0uq~hyz._.js:2477
[  782507ms] [LOG] Parsing server packet with ID: 78 @ http://localhost:3000/_next/static/chunks/0cco_next_dist_0uq~hyz._.js:2477
[  782632ms] [LOG] Parsing server packet with ID: 9 @ http://localhost:3000/_next/static/chunks/0cco_next_dist_0uq~hyz._.js:2477
[  790791ms] [LOG] Parsing server packet with ID: 78 @ http://localhost:3000/_next/static/chunks/0cco_next_dist_0uq~hyz._.js:2477
[  792626ms] [LOG] Parsing server packet with ID: 9 @ http://localhost:3000/_next/static/chunks/0cco_next_dist_0uq~hyz._.js:2477
[  798898ms] [LOG] Parsing server packet with ID: 78 @ http://localhost:3000/_next/static/chunks/0cco_next_dist_0uq~hyz._.js:2477
[  802631ms] [LOG] Parsing server packet with ID: 9 @ http://localhost:3000/_next/static/chunks/0cco_next_dist_0uq~hyz._.js:2477
[  807115ms] [LOG] Parsing server packet with ID: 78 @ http://localhost:3000/_next/static/chunks/0cco_next_dist_0uq~hyz._.js:2477
[  812628ms] [LOG] Parsing server packet with ID: 9 @ http://localhost:3000/_next/static/chunks/0cco_next_dist_0uq~hyz._.js:2477
[  815155ms] [LOG] Parsing server packet with ID: 78 @ http://localhost:3000/_next/static/chunks/0cco_next_dist_0uq~hyz._.js:2477
[  822632ms] [LOG] Parsing server packet with ID: 9 @ http://localhost:3000/_next/static/chunks/0cco_next_dist_0uq~hyz._.js:2477
[  823430ms] [LOG] Parsing server packet with ID: 78 @ http://localhost:3000/_next/static/chunks/0cco_next_dist_0uq~hyz._.js:2477
[  831486ms] [LOG] Parsing server packet with ID: 78 @ http://localhost:3000/_next/static/chunks/0cco_next_dist_0uq~hyz._.js:2477
[  832627ms] [LOG] Parsing server packet with ID: 9 @ http://localhost:3000/_next/static/chunks/0cco_next_dist_0uq~hyz._.js:2477
[  839634ms] [LOG] Parsing server packet with ID: 78 @ http://localhost:3000/_next/static/chunks/0cco_next_dist_0uq~hyz._.js:2477
[  842635ms] [LOG] Parsing server packet with ID: 9 @ http://localhost:3000/_next/static/chunks/0cco_next_dist_0uq~hyz._.js:2477
[  847857ms] [LOG] Parsing server packet with ID: 78 @ http://localhost:3000/_next/static/chunks/0cco_next_dist_0uq~hyz._.js:2477
[  852630ms] [LOG] Parsing server packet with ID: 9 @ http://localhost:3000/_next/static/chunks/0cco_next_dist_0uq~hyz._.js:2477
[  856136ms] [LOG] Parsing server packet with ID: 78 @ http://localhost:3000/_next/static/chunks/0cco_next_dist_0uq~hyz._.js:2477
[  862637ms] [LOG] Parsing server packet with ID: 9 @ http://localhost:3000/_next/static/chunks/0cco_next_dist_0uq~hyz._.js:2477
[  864344ms] [LOG] Parsing server packet with ID: 8 @ http://localhost:3000/_next/static/chunks/0cco_next_dist_0uq~hyz._.js:2477
[  864345ms] [LOG] Parsing server packet with ID: 78 @ http://localhost:3000/_next/static/chunks/0cco_next_dist_0uq~hyz._.js:2477
[  864904ms] [LOG] Parsing server packet with ID: 78 @ http://localhost:3000/_next/static/chunks/0cco_next_dist_0uq~hyz._.js:2477
[  867082ms] [LOG] Parsing server packet with ID: 78 @ http://localhost:3000/_next/static/chunks/0cco_next_dist_0uq~hyz._.js:2477
[  869276ms] [LOG] Parsing server packet with ID: 78 @ http://localhost:3000/_next/static/chunks/0cco_next_dist_0uq~hyz._.js:2477
[  871457ms] [LOG] Parsing server packet with ID: 78 @ http://localhost:3000/_next/static/chunks/0cco_next_dist_0uq~hyz._.js:2477
[  872634ms] [LOG] Parsing server packet with ID: 9 @ http://localhost:3000/_next/static/chunks/0cco_next_dist_0uq~hyz._.js:2477
[  873629ms] [LOG] Parsing server packet with ID: 78 @ http://localhost:3000/_next/static/chunks/0cco_next_dist_0uq~hyz._.js:2477
[  875865ms] [LOG] Parsing server packet with ID: 78 @ http://localhost:3000/_next/static/chunks/0cco_next_dist_0uq~hyz._.js:2477
[  878047ms] [LOG] Parsing server packet with ID: 78 @ http://localhost:3000/_next/static/chunks/0cco_next_dist_0uq~hyz._.js:2477
[  880291ms] [LOG] Parsing server packet with ID: 78 @ http://localhost:3000/_next/static/chunks/0cco_next_dist_0uq~hyz._.js:2477
[  882413ms] [LOG] Parsing server packet with ID: 78 @ http://localhost:3000/_next/static/chunks/0cco_next_dist_0uq~hyz._.js:2477
[  882625ms] [LOG] Parsing server packet with ID: 9 @ http://localhost:3000/_next/static/chunks/0cco_next_dist_0uq~hyz._.js:2477
[  884651ms] [LOG] Parsing server packet with ID: 78 @ http://localhost:3000/_next/static/chunks/0cco_next_dist_0uq~hyz._.js:2477
[  886771ms] [LOG] Parsing server packet with ID: 78 @ http://localhost:3000/_next/static/chunks/0cco_next_dist_0uq~hyz._.js:2477
[  888891ms] [LOG] Parsing server packet with ID: 78 @ http://localhost:3000/_next/static/chunks/0cco_next_dist_0uq~hyz._.js:2477
[  891007ms] [LOG] Parsing server packet with ID: 78 @ http://localhost:3000/_next/static/chunks/0cco_next_dist_0uq~hyz._.js:2477
[  892636ms] [LOG] Parsing server packet with ID: 9 @ http://localhost:3000/_next/static/chunks/0cco_next_dist_0uq~hyz._.js:2477
[  893190ms] [LOG] Parsing server packet with ID: 78 @ http://localhost:3000/_next/static/chunks/0cco_next_dist_0uq~hyz._.js:2477
[  895311ms] [LOG] Parsing server packet with ID: 78 @ http://localhost:3000/_next/static/chunks/0cco_next_dist_0uq~hyz._.js:2477
[  897544ms] [LOG] Parsing server packet with ID: 78 @ http://localhost:3000/_next/static/chunks/0cco_next_dist_0uq~hyz._.js:2477
[  899722ms] [LOG] Parsing server packet with ID: 78 @ http://localhost:3000/_next/static/chunks/0cco_next_dist_0uq~hyz._.js:2477
[  901912ms] [LOG] Parsing server packet with ID: 78 @ http://localhost:3000/_next/static/chunks/0cco_next_dist_0uq~hyz._.js:2477
[  902633ms] [LOG] Parsing server packet with ID: 9 @ http://localhost:3000/_next/static/chunks/0cco_next_dist_0uq~hyz._.js:2477
[  904086ms] [LOG] Parsing server packet with ID: 78 @ http://localhost:3000/_next/static/chunks/0cco_next_dist_0uq~hyz._.js:2477
[  906150ms] [LOG] Parsing server packet with ID: 78 @ http://localhost:3000/_next/static/chunks/0cco_next_dist_0uq~hyz._.js:2477
[  908271ms] [LOG] Parsing server packet with ID: 78 @ http://localhost:3000/_next/static/chunks/0cco_next_dist_0uq~hyz._.js:2477
[  910340ms] [LOG] Parsing server packet with ID: 78 @ http://localhost:3000/_next/static/chunks/0cco_next_dist_0uq~hyz._.js:2477
[  912462ms] [LOG] Parsing server packet with ID: 78 @ http://localhost:3000/_next/static/chunks/0cco_next_dist_0uq~hyz._.js:2477
[  912628ms] [LOG] Parsing server packet with ID: 9 @ http://localhost:3000/_next/static/chunks/0cco_next_dist_0uq~hyz._.js:2477
[  914581ms] [LOG] Parsing server packet with ID: 78 @ http://localhost:3000/_next/static/chunks/0cco_next_dist_0uq~hyz._.js:2477
[  916823ms] [LOG] Parsing server packet with ID: 78 @ http://localhost:3000/_next/static/chunks/0cco_next_dist_0uq~hyz._.js:2477
[  919065ms] [LOG] Parsing server packet with ID: 78 @ http://localhost:3000/_next/static/chunks/0cco_next_dist_0uq~hyz._.js:2477
[  921244ms] [LOG] Parsing server packet with ID: 78 @ http://localhost:3000/_next/static/chunks/0cco_next_dist_0uq~hyz._.js:2477
[  922636ms] [LOG] Parsing server packet with ID: 9 @ http://localhost:3000/_next/static/chunks/0cco_next_dist_0uq~hyz._.js:2477
[  923422ms] [LOG] Parsing server packet with ID: 78 @ http://localhost:3000/_next/static/chunks/0cco_next_dist_0uq~hyz._.js:2477
[  925542ms] [LOG] Parsing server packet with ID: 78 @ http://localhost:3000/_next/static/chunks/0cco_next_dist_0uq~hyz._.js:2477
[  927666ms] [LOG] Parsing server packet with ID: 78 @ http://localhost:3000/_next/static/chunks/0cco_next_dist_0uq~hyz._.js:2477
[  929846ms] [LOG] Parsing server packet with ID: 78 @ http://localhost:3000/_next/static/chunks/0cco_next_dist_0uq~hyz._.js:2477
[  931970ms] [LOG] Parsing server packet with ID: 78 @ http://localhost:3000/_next/static/chunks/0cco_next_dist_0uq~hyz._.js:2477
[  932630ms] [LOG] Parsing server packet with ID: 9 @ http://localhost:3000/_next/static/chunks/0cco_next_dist_0uq~hyz._.js:2477
[  934207ms] [LOG] Parsing server packet with ID: 78 @ http://localhost:3000/_next/static/chunks/0cco_next_dist_0uq~hyz._.js:2477
[  936332ms] [LOG] Parsing server packet with ID: 78 @ http://localhost:3000/_next/static/chunks/0cco_next_dist_0uq~hyz._.js:2477
[  938511ms] [LOG] Parsing server packet with ID: 78 @ http://localhost:3000/_next/static/chunks/0cco_next_dist_0uq~hyz._.js:2477
[  940694ms] [LOG] Parsing server packet with ID: 78 @ http://localhost:3000/_next/static/chunks/0cco_next_dist_0uq~hyz._.js:2477
[  942636ms] [LOG] Parsing server packet with ID: 9 @ http://localhost:3000/_next/static/chunks/0cco_next_dist_0uq~hyz._.js:2477
[  942876ms] [LOG] Parsing server packet with ID: 78 @ http://localhost:3000/_next/static/chunks/0cco_next_dist_0uq~hyz._.js:2477
[  945116ms] [LOG] Parsing server packet with ID: 78 @ http://localhost:3000/_next/static/chunks/0cco_next_dist_0uq~hyz._.js:2477
[  947356ms] [LOG] Parsing server packet with ID: 78 @ http://localhost:3000/_next/static/chunks/0cco_next_dist_0uq~hyz._.js:2477
[  949590ms] [LOG] Parsing server packet with ID: 78 @ http://localhost:3000/_next/static/chunks/0cco_next_dist_0uq~hyz._.js:2477
[  951769ms] [LOG] Parsing server packet with ID: 78 @ http://localhost:3000/_next/static/chunks/0cco_next_dist_0uq~hyz._.js:2477
[  952640ms] [LOG] Parsing server packet with ID: 9 @ http://localhost:3000/_next/static/chunks/0cco_next_dist_0uq~hyz._.js:2477
[  953951ms] [LOG] Parsing server packet with ID: 78 @ http://localhost:3000/_next/static/chunks/0cco_next_dist_0uq~hyz._.js:2477
[  956198ms] [LOG] Parsing server packet with ID: 78 @ http://localhost:3000/_next/static/chunks/0cco_next_dist_0uq~hyz._.js:2477
[  958377ms] [LOG] Parsing server packet with ID: 78 @ http://localhost:3000/_next/static/chunks/0cco_next_dist_0uq~hyz._.js:2477
[  960558ms] [LOG] Parsing server packet with ID: 78 @ http://localhost:3000/_next/static/chunks/0cco_next_dist_0uq~hyz._.js:2477
[  962631ms] [LOG] Parsing server packet with ID: 9 @ http://localhost:3000/_next/static/chunks/0cco_next_dist_0uq~hyz._.js:2477
[  962745ms] [LOG] Parsing server packet with ID: 78 @ http://localhost:3000/_next/static/chunks/0cco_next_dist_0uq~hyz._.js:2477
[  964920ms] [LOG] Parsing server packet with ID: 78 @ http://localhost:3000/_next/static/chunks/0cco_next_dist_0uq~hyz._.js:2477
[  966984ms] [LOG] Parsing server packet with ID: 78 @ http://localhost:3000/_next/static/chunks/0cco_next_dist_0uq~hyz._.js:2477
[  969164ms] [LOG] Parsing server packet with ID: 78 @ http://localhost:3000/_next/static/chunks/0cco_next_dist_0uq~hyz._.js:2477
[  971342ms] [LOG] Parsing server packet with ID: 78 @ http://localhost:3000/_next/static/chunks/0cco_next_dist_0uq~hyz._.js:2477
[  972633ms] [LOG] Parsing server packet with ID: 9 @ http://localhost:3000/_next/static/chunks/0cco_next_dist_0uq~hyz._.js:2477
[  973465ms] [LOG] Parsing server packet with ID: 78 @ http://localhost:3000/_next/static/chunks/0cco_next_dist_0uq~hyz._.js:2477
[  975587ms] [LOG] Parsing server packet with ID: 78 @ http://localhost:3000/_next/static/chunks/0cco_next_dist_0uq~hyz._.js:2477
[  977830ms] [LOG] Parsing server packet with ID: 78 @ http://localhost:3000/_next/static/chunks/0cco_next_dist_0uq~hyz._.js:2477
[  980068ms] [LOG] Parsing server packet with ID: 78 @ http://localhost:3000/_next/static/chunks/0cco_next_dist_0uq~hyz._.js:2477
[  982245ms] [LOG] Parsing server packet with ID: 78 @ http://localhost:3000/_next/static/chunks/0cco_next_dist_0uq~hyz._.js:2477
[  982629ms] [LOG] Parsing server packet with ID: 9 @ http://localhost:3000/_next/static/chunks/0cco_next_dist_0uq~hyz._.js:2477
[  984366ms] [LOG] Parsing server packet with ID: 78 @ http://localhost:3000/_next/static/chunks/0cco_next_dist_0uq~hyz._.js:2477
[  986608ms] [LOG] Parsing server packet with ID: 78 @ http://localhost:3000/_next/static/chunks/0cco_next_dist_0uq~hyz._.js:2477
[  988845ms] [LOG] Parsing server packet with ID: 78 @ http://localhost:3000/_next/static/chunks/0cco_next_dist_0uq~hyz._.js:2477
[  991024ms] [LOG] Parsing server packet with ID: 78 @ http://localhost:3000/_next/static/chunks/0cco_next_dist_0uq~hyz._.js:2477
[  992636ms] [LOG] Parsing server packet with ID: 9 @ http://localhost:3000/_next/static/chunks/0cco_next_dist_0uq~hyz._.js:2477
[  993143ms] [LOG] Parsing server packet with ID: 78 @ http://localhost:3000/_next/static/chunks/0cco_next_dist_0uq~hyz._.js:2477
[  995262ms] [LOG] Parsing server packet with ID: 78 @ http://localhost:3000/_next/static/chunks/0cco_next_dist_0uq~hyz._.js:2477
[  997383ms] [LOG] Parsing server packet with ID: 78 @ http://localhost:3000/_next/static/chunks/0cco_next_dist_0uq~hyz._.js:2477
[  999566ms] [LOG] Parsing server packet with ID: 78 @ http://localhost:3000/_next/static/chunks/0cco_next_dist_0uq~hyz._.js:2477
[ 1001762ms] [LOG] Parsing server packet with ID: 78 @ http://localhost:3000/_next/static/chunks/0cco_next_dist_0uq~hyz._.js:2477
[ 1002636ms] [LOG] Parsing server packet with ID: 9 @ http://localhost:3000/_next/static/chunks/0cco_next_dist_0uq~hyz._.js:2477
[ 1004000ms] [LOG] Parsing server packet with ID: 78 @ http://localhost:3000/_next/static/chunks/0cco_next_dist_0uq~hyz._.js:2477
[ 1006061ms] [LOG] Parsing server packet with ID: 78 @ http://localhost:3000/_next/static/chunks/0cco_next_dist_0uq~hyz._.js:2477
[ 1008241ms] [LOG] Parsing server packet with ID: 78 @ http://localhost:3000/_next/static/chunks/0cco_next_dist_0uq~hyz._.js:2477
[ 1010480ms] [LOG] Parsing server packet with ID: 78 @ http://localhost:3000/_next/static/chunks/0cco_next_dist_0uq~hyz._.js:2477
[ 1012636ms] [LOG] Parsing server packet with ID: 9 @ http://localhost:3000/_next/static/chunks/0cco_next_dist_0uq~hyz._.js:2477
[ 1012659ms] [LOG] Parsing server packet with ID: 78 @ http://localhost:3000/_next/static/chunks/0cco_next_dist_0uq~hyz._.js:2477
[ 1014781ms] [LOG] Parsing server packet with ID: 78 @ http://localhost:3000/_next/static/chunks/0cco_next_dist_0uq~hyz._.js:2477
[ 1016960ms] [LOG] Parsing server packet with ID: 78 @ http://localhost:3000/_next/static/chunks/0cco_next_dist_0uq~hyz._.js:2477
[ 1019137ms] [LOG] Parsing server packet with ID: 78 @ http://localhost:3000/_next/static/chunks/0cco_next_dist_0uq~hyz._.js:2477
[ 1021317ms] [LOG] Parsing server packet with ID: 78 @ http://localhost:3000/_next/static/chunks/0cco_next_dist_0uq~hyz._.js:2477
[ 1022636ms] [LOG] Parsing server packet with ID: 9 @ http://localhost:3000/_next/static/chunks/0cco_next_dist_0uq~hyz._.js:2477
[ 1023441ms] [LOG] Parsing server packet with ID: 78 @ http://localhost:3000/_next/static/chunks/0cco_next_dist_0uq~hyz._.js:2477
[ 1025619ms] [LOG] Parsing server packet with ID: 78 @ http://localhost:3000/_next/static/chunks/0cco_next_dist_0uq~hyz._.js:2477
[ 1027797ms] [LOG] Parsing server packet with ID: 78 @ http://localhost:3000/_next/static/chunks/0cco_next_dist_0uq~hyz._.js:2477
[ 1029972ms] [LOG] Parsing server packet with ID: 78 @ http://localhost:3000/_next/static/chunks/0cco_next_dist_0uq~hyz._.js:2477
[ 1032152ms] [LOG] Parsing server packet with ID: 78 @ http://localhost:3000/_next/static/chunks/0cco_next_dist_0uq~hyz._.js:2477
[ 1032633ms] [LOG] Parsing server packet with ID: 9 @ http://localhost:3000/_next/static/chunks/0cco_next_dist_0uq~hyz._.js:2477
[ 1034162ms] [LOG] Parsing server packet with ID: 78 @ http://localhost:3000/_next/static/chunks/0cco_next_dist_0uq~hyz._.js:2477
[ 1036341ms] [LOG] Parsing server packet with ID: 78 @ http://localhost:3000/_next/static/chunks/0cco_next_dist_0uq~hyz._.js:2477
[ 1038581ms] [LOG] Parsing server packet with ID: 78 @ http://localhost:3000/_next/static/chunks/0cco_next_dist_0uq~hyz._.js:2477
[ 1040704ms] [LOG] Parsing server packet with ID: 78 @ http://localhost:3000/_next/static/chunks/0cco_next_dist_0uq~hyz._.js:2477
[ 1042640ms] [LOG] Parsing server packet with ID: 9 @ http://localhost:3000/_next/static/chunks/0cco_next_dist_0uq~hyz._.js:2477
[ 1042826ms] [LOG] Parsing server packet with ID: 78 @ http://localhost:3000/_next/static/chunks/0cco_next_dist_0uq~hyz._.js:2477
[ 1045008ms] [LOG] Parsing server packet with ID: 78 @ http://localhost:3000/_next/static/chunks/0cco_next_dist_0uq~hyz._.js:2477
[ 1047244ms] [LOG] Parsing server packet with ID: 78 @ http://localhost:3000/_next/static/chunks/0cco_next_dist_0uq~hyz._.js:2477
[ 1049425ms] [LOG] Parsing server packet with ID: 78 @ http://localhost:3000/_next/static/chunks/0cco_next_dist_0uq~hyz._.js:2477
[ 1051607ms] [LOG] Parsing server packet with ID: 78 @ http://localhost:3000/_next/static/chunks/0cco_next_dist_0uq~hyz._.js:2477
[ 1052636ms] [LOG] Parsing server packet with ID: 9 @ http://localhost:3000/_next/static/chunks/0cco_next_dist_0uq~hyz._.js:2477
[ 1053753ms] [LOG] Parsing server packet with ID: 78 @ http://localhost:3000/_next/static/chunks/0cco_next_dist_0uq~hyz._.js:2477
[ 1055932ms] [LOG] Parsing server packet with ID: 78 @ http://localhost:3000/_next/static/chunks/0cco_next_dist_0uq~hyz._.js:2477
[ 1058053ms] [LOG] Parsing server packet with ID: 78 @ http://localhost:3000/_next/static/chunks/0cco_next_dist_0uq~hyz._.js:2477
[ 1060235ms] [LOG] Parsing server packet with ID: 78 @ http://localhost:3000/_next/static/chunks/0cco_next_dist_0uq~hyz._.js:2477
[ 1062413ms] [LOG] Parsing server packet with ID: 78 @ http://localhost:3000/_next/static/chunks/0cco_next_dist_0uq~hyz._.js:2477
[ 1062636ms] [LOG] Parsing server packet with ID: 9 @ http://localhost:3000/_next/static/chunks/0cco_next_dist_0uq~hyz._.js:2477
[ 1064653ms] [LOG] Parsing server packet with ID: 78 @ http://localhost:3000/_next/static/chunks/0cco_next_dist_0uq~hyz._.js:2477
[ 1066890ms] [LOG] Parsing server packet with ID: 78 @ http://localhost:3000/_next/static/chunks/0cco_next_dist_0uq~hyz._.js:2477
[ 1069076ms] [LOG] Parsing server packet with ID: 78 @ http://localhost:3000/_next/static/chunks/0cco_next_dist_0uq~hyz._.js:2477
[ 1071195ms] [LOG] Parsing server packet with ID: 78 @ http://localhost:3000/_next/static/chunks/0cco_next_dist_0uq~hyz._.js:2477
[ 1072635ms] [LOG] Parsing server packet with ID: 9 @ http://localhost:3000/_next/static/chunks/0cco_next_dist_0uq~hyz._.js:2477
[ 1073376ms] [LOG] Parsing server packet with ID: 78 @ http://localhost:3000/_next/static/chunks/0cco_next_dist_0uq~hyz._.js:2477
[ 1075498ms] [LOG] Parsing server packet with ID: 78 @ http://localhost:3000/_next/static/chunks/0cco_next_dist_0uq~hyz._.js:2477
[ 1077680ms] [LOG] Parsing server packet with ID: 78 @ http://localhost:3000/_next/static/chunks/0cco_next_dist_0uq~hyz._.js:2477
[ 1079858ms] [LOG] Parsing server packet with ID: 78 @ http://localhost:3000/_next/static/chunks/0cco_next_dist_0uq~hyz._.js:2477
[ 1081924ms] [LOG] Parsing server packet with ID: 78 @ http://localhost:3000/_next/static/chunks/0cco_next_dist_0uq~hyz._.js:2477
[ 1082637ms] [LOG] Parsing server packet with ID: 9 @ http://localhost:3000/_next/static/chunks/0cco_next_dist_0uq~hyz._.js:2477
[ 1083985ms] [LOG] Parsing server packet with ID: 78 @ http://localhost:3000/_next/static/chunks/0cco_next_dist_0uq~hyz._.js:2477
[ 1086228ms] [LOG] Parsing server packet with ID: 78 @ http://localhost:3000/_next/static/chunks/0cco_next_dist_0uq~hyz._.js:2477
[ 1088409ms] [LOG] Parsing server packet with ID: 78 @ http://localhost:3000/_next/static/chunks/0cco_next_dist_0uq~hyz._.js:2477
[ 1090590ms] [LOG] Parsing server packet with ID: 78 @ http://localhost:3000/_next/static/chunks/0cco_next_dist_0uq~hyz._.js:2477
[ 1092636ms] [LOG] Parsing server packet with ID: 9 @ http://localhost:3000/_next/static/chunks/0cco_next_dist_0uq~hyz._.js:2477
[ 1102640ms] [LOG] Parsing server packet with ID: 9 @ http://localhost:3000/_next/static/chunks/0cco_next_dist_0uq~hyz._.js:2477
[ 1112636ms] [LOG] Parsing server packet with ID: 9 @ http://localhost:3000/_next/static/chunks/0cco_next_dist_0uq~hyz._.js:2477
[ 1122636ms] [LOG] Parsing server packet with ID: 9 @ http://localhost:3000/_next/static/chunks/0cco_next_dist_0uq~hyz._.js:2477
[ 1132635ms] [LOG] Parsing server packet with ID: 9 @ http://localhost:3000/_next/static/chunks/0cco_next_dist_0uq~hyz._.js:2477
[ 1142636ms] [LOG] Parsing server packet with ID: 9 @ http://localhost:3000/_next/static/chunks/0cco_next_dist_0uq~hyz._.js:2477
[ 1152636ms] [LOG] Parsing server packet with ID: 9 @ http://localhost:3000/_next/static/chunks/0cco_next_dist_0uq~hyz._.js:2477
[ 1162633ms] [LOG] Parsing server packet with ID: 9 @ http://localhost:3000/_next/static/chunks/0cco_next_dist_0uq~hyz._.js:2477
[ 1172637ms] [LOG] Parsing server packet with ID: 9 @ http://localhost:3000/_next/static/chunks/0cco_next_dist_0uq~hyz._.js:2477
[ 1182639ms] [LOG] Parsing server packet with ID: 9 @ http://localhost:3000/_next/static/chunks/0cco_next_dist_0uq~hyz._.js:2477
[ 1192635ms] [LOG] Parsing server packet with ID: 9 @ http://localhost:3000/_next/static/chunks/0cco_next_dist_0uq~hyz._.js:2477
[ 1202636ms] [LOG] Parsing server packet with ID: 9 @ http://localhost:3000/_next/static/chunks/0cco_next_dist_0uq~hyz._.js:2477
[ 1212634ms] [LOG] Parsing server packet with ID: 9 @ http://localhost:3000/_next/static/chunks/0cco_next_dist_0uq~hyz._.js:2477
[ 1222636ms] [LOG] Parsing server packet with ID: 9 @ http://localhost:3000/_next/static/chunks/0cco_next_dist_0uq~hyz._.js:2477
[ 1232635ms] [LOG] Parsing server packet with ID: 9 @ http://localhost:3000/_next/static/chunks/0cco_next_dist_0uq~hyz._.js:2477
[ 1242635ms] [LOG] Parsing server packet with ID: 9 @ http://localhost:3000/_next/static/chunks/0cco_next_dist_0uq~hyz._.js:2477
[ 1252635ms] [LOG] Parsing server packet with ID: 9 @ http://localhost:3000/_next/static/chunks/0cco_next_dist_0uq~hyz._.js:2477
[ 1262636ms] [LOG] Parsing server packet with ID: 9 @ http://localhost:3000/_next/static/chunks/0cco_next_dist_0uq~hyz._.js:2477
[ 1272635ms] [LOG] Parsing server packet with ID: 9 @ http://localhost:3000/_next/static/chunks/0cco_next_dist_0uq~hyz._.js:2477
[ 1282635ms] [LOG] Parsing server packet with ID: 9 @ http://localhost:3000/_next/static/chunks/0cco_next_dist_0uq~hyz._.js:2477
[ 1292635ms] [LOG] Parsing server packet with ID: 9 @ http://localhost:3000/_next/static/chunks/0cco_next_dist_0uq~hyz._.js:2477
[ 1297451ms] [LOG] Parsing server packet with ID: 8 @ http://localhost:3000/_next/static/chunks/0cco_next_dist_0uq~hyz._.js:2477
[ 1297452ms] [LOG] Parsing server packet with ID: 43 @ http://localhost:3000/_next/static/chunks/0cco_next_dist_0uq~hyz._.js:2477
