[    5649ms] [INFO] %cDownload the React DevTools for a better development experience: https://react.dev/link/react-devtools font-weight:bold @ http://localhost:3000/_next/static/chunks/0cco_next_dist_0uq~hyz._.js:2477
[    6121ms] [LOG] [HMR] connected @ http://localhost:3000/_next/static/chunks/0cco_next_dist_0uq~hyz._.js:2477
[    6539ms] [LOG] [Fast Refresh] rebuilding @ http://localhost:3000/_next/static/chunks/0cco_next_dist_0uq~hyz._.js:2477
[    6570ms] [ERROR] Failed to load resource: the server responded with a status of 401 (Unauthorized) @ http://localhost:3000/api/auth/me:0
[    6647ms] [LOG] [Fast Refresh] done in 218ms @ http://localhost:3000/_next/static/chunks/0cco_next_dist_0uq~hyz._.js:2477
[    6656ms] [ERROR] Failed to load resource: the server responded with a status of 401 (Unauthorized) @ http://localhost:3000/api/auth/me:0
[    6774ms] [LOG] [Fast Refresh] rebuilding @ http://localhost:3000/_next/static/chunks/0cco_next_dist_0uq~hyz._.js:2477
[    6991ms] [LOG] [Fast Refresh] done in 321ms @ http://localhost:3000/_next/static/chunks/0cco_next_dist_0uq~hyz._.js:2477
[    7131ms] [ERROR] Failed to load resource: the server responded with a status of 401 (Unauthorized) @ http://localhost:3000/api/auth/me:0
[    7188ms] [ERROR] Failed to load resource: the server responded with a status of 401 (Unauthorized) @ http://localhost:3000/api/auth/me:0
[    7193ms] [ERROR] Failed to load resource: the server responded with a status of 401 (Unauthorized) @ http://localhost:3000/api/auth/me:0
[    7302ms] [VERBOSE] [DOM] Input elements should have autocomplete attributes (suggested: "current-password"): (More info: https://goo.gl/9p2vKq) %o @ http://localhost:3000/login?redirect=%2F:0
[   75725ms] [LOG] [Fast Refresh] rebuilding @ http://localhost:3000/_next/static/chunks/0cco_next_dist_0uq~hyz._.js:2477
[   75800ms] [LOG] [Fast Refresh] done in 183ms @ http://localhost:3000/_next/static/chunks/0cco_next_dist_0uq~hyz._.js:2477
[   76296ms] [INFO] %cDownload the React DevTools for a better development experience: https://react.dev/link/react-devtools font-weight:bold @ http://localhost:3000/_next/static/chunks/0cco_next_dist_0uq~hyz._.js:2477
[   76627ms] [LOG] [HMR] connected @ http://localhost:3000/_next/static/chunks/0cco_next_dist_0uq~hyz._.js:2477
[   76772ms] [ERROR] Failed to load resource: the server responded with a status of 401 (Unauthorized) @ http://localhost:3000/api/auth/me:0
[   76812ms] [ERROR] Failed to load resource: the server responded with a status of 401 (Unauthorized) @ http://localhost:3000/api/auth/me:0
[   77112ms] [ERROR] Failed to load resource: the server responded with a status of 401 (Unauthorized) @ http://localhost:3000/api/auth/me:0
[   77156ms] [ERROR] Failed to load resource: the server responded with a status of 401 (Unauthorized) @ http://localhost:3000/api/auth/me:0
[   77161ms] [ERROR] Failed to load resource: the server responded with a status of 401 (Unauthorized) @ http://localhost:3000/api/auth/me:0
[   77279ms] [VERBOSE] [DOM] Input elements should have autocomplete attributes (suggested: "current-password"): (More info: https://goo.gl/9p2vKq) %o @ http://localhost:3000/login?redirect=%2F:0
[  314664ms] [LOG] [Fast Refresh] rebuilding @ http://localhost:3000/_next/static/chunks/0cco_next_dist_0uq~hyz._.js:2477
[  314785ms] [LOG] [Fast Refresh] done in 236ms @ http://localhost:3000/_next/static/chunks/0cco_next_dist_0uq~hyz._.js:2477
[  315007ms] [INFO] %cDownload the React DevTools for a better development experience: https://react.dev/link/react-devtools font-weight:bold @ http://localhost:3000/_next/static/chunks/0cco_next_dist_0uq~hyz._.js:2477
[  315340ms] [LOG] [HMR] connected @ http://localhost:3000/_next/static/chunks/0cco_next_dist_0uq~hyz._.js:2477
[  315452ms] [ERROR] Failed to load resource: the server responded with a status of 401 (Unauthorized) @ http://localhost:3000/api/auth/me:0
[  315486ms] [ERROR] Failed to load resource: the server responded with a status of 401 (Unauthorized) @ http://localhost:3000/api/auth/me:0
[  315812ms] [ERROR] Failed to load resource: the server responded with a status of 401 (Unauthorized) @ http://localhost:3000/api/auth/me:0
[  315819ms] [ERROR] Failed to load resource: the server responded with a status of 401 (Unauthorized) @ http://localhost:3000/api/auth/me:0
[  315859ms] [ERROR] Failed to load resource: the server responded with a status of 401 (Unauthorized) @ http://localhost:3000/api/auth/me:0
[  315970ms] [VERBOSE] [DOM] Input elements should have autocomplete attributes (suggested: "current-password"): (More info: https://goo.gl/9p2vKq) %o @ http://localhost:3000/login?redirect=%2F:0
[  318893ms] [ERROR] Access to fetch at 'http://127.0.0.1:7666/debug/summon-room' from origin 'http://localhost:3000' has been blocked by CORS policy: No 'Access-Control-Allow-Origin' header is present on the requested resource. @ http://localhost:3000/login?redirect=%2F:0
[  318894ms] [ERROR] Failed to load resource: net::ERR_FAILED @ http://127.0.0.1:7666/debug/summon-room:0
[  440775ms] [LOG] [Fast Refresh] rebuilding @ http://localhost:3000/_next/static/chunks/0cco_next_dist_0uq~hyz._.js:2477
[  440789ms] [LOG] [Fast Refresh] done in 127ms @ http://localhost:3000/_next/static/chunks/0cco_next_dist_0uq~hyz._.js:2477
[  441036ms] [INFO] %cDownload the React DevTools for a better development experience: https://react.dev/link/react-devtools font-weight:bold @ http://localhost:3000/_next/static/chunks/0cco_next_dist_0uq~hyz._.js:2477
[  441388ms] [LOG] [HMR] connected @ http://localhost:3000/_next/static/chunks/0cco_next_dist_0uq~hyz._.js:2477
[  441549ms] [ERROR] Failed to load resource: the server responded with a status of 401 (Unauthorized) @ http://localhost:3000/api/auth/me:0
[  441594ms] [ERROR] Failed to load resource: the server responded with a status of 401 (Unauthorized) @ http://localhost:3000/api/auth/me:0
[  441959ms] [LOG] [Fast Refresh] rebuilding @ http://localhost:3000/_next/static/chunks/0cco_next_dist_0uq~hyz._.js:2477
[  442017ms] [LOG] [Fast Refresh] done in 160ms @ http://localhost:3000/_next/static/chunks/0cco_next_dist_0uq~hyz._.js:2477
[  442018ms] [ERROR] Failed to load resource: the server responded with a status of 401 (Unauthorized) @ http://localhost:3000/api/auth/me:0
[  442156ms] [ERROR] Failed to load resource: the server responded with a status of 401 (Unauthorized) @ http://localhost:3000/api/auth/me:0
[  442191ms] [LOG] [Fast Refresh] rebuilding @ http://localhost:3000/_next/static/chunks/0cco_next_dist_0uq~hyz._.js:2477
[  442192ms] [LOG] [Fast Refresh] done in 102ms @ http://localhost:3000/_next/static/chunks/0cco_next_dist_0uq~hyz._.js:2477
[  442192ms] [ERROR] Failed to load resource: the server responded with a status of 401 (Unauthorized) @ http://localhost:3000/api/auth/me:0
[  442308ms] [VERBOSE] [DOM] Input elements should have autocomplete attributes (suggested: "current-password"): (More info: https://goo.gl/9p2vKq) %o @ http://localhost:3000/login?redirect=%2F:0
[  667442ms] [INFO] %cDownload the React DevTools for a better development experience: https://react.dev/link/react-devtools font-weight:bold @ http://localhost:3000/_next/static/chunks/0cco_next_dist_0uq~hyz._.js:2477
[  667764ms] [LOG] [HMR] connected @ http://localhost:3000/_next/static/chunks/0cco_next_dist_0uq~hyz._.js:2477
[  667878ms] [ERROR] Failed to load resource: the server responded with a status of 401 (Unauthorized) @ http://localhost:3000/api/auth/me:0
[  667885ms] [ERROR] Failed to load resource: the server responded with a status of 401 (Unauthorized) @ http://localhost:3000/api/auth/me:0
[  668100ms] [ERROR] Failed to load resource: the server responded with a status of 401 (Unauthorized) @ http://localhost:3000/api/auth/me:0
[  668154ms] [ERROR] Failed to load resource: the server responded with a status of 401 (Unauthorized) @ http://localhost:3000/api/auth/me:0
[  668158ms] [ERROR] Failed to load resource: the server responded with a status of 401 (Unauthorized) @ http://localhost:3000/api/auth/me:0
[  668271ms] [VERBOSE] [DOM] Input elements should have autocomplete attributes (suggested: "current-password"): (More info: https://goo.gl/9p2vKq) %o @ http://localhost:3000/login?redirect=%2F:0
[  865962ms] [ERROR] Access to fetch at 'http://127.0.0.1:7666/debug/summon-room' from origin 'http://localhost:3000' has been blocked by CORS policy: No 'Access-Control-Allow-Origin' header is present on the requested resource. @ http://localhost:3000/login?redirect=%2F:0
[  865962ms] [ERROR] Failed to load resource: net::ERR_FAILED @ http://127.0.0.1:7666/debug/summon-room:0
